../Core/Src/main.c:88:6:Ultrasonic_Trigger	8	static
../Core/Src/main.c:98:6:ProducerTask_Entry	16	static
../Core/Src/main.c:117:6:ConsumerTask_Entry	56	static
../Core/Src/main.c:139:6:HAL_GPIO_EXTI_Callback	24	static,ignoring_inline_asm
../Core/Src/main.c:154:6:BlinkLEDCallback	16	static
../Core/Src/main.c:162:6:HAL_TIM_IC_CaptureCallback	16	static
../Core/Src/main.c:217:5:main	32	static,ignoring_inline_asm
../Core/Src/main.c:303:6:SystemClock_Config	88	static
../Core/Src/main.c:358:13:MX_TIM2_Init	32	static
../Core/Src/main.c:406:13:MX_USART2_UART_Init	8	static
../Core/Src/main.c:439:13:MX_GPIO_Init	40	static
../Core/Src/main.c:497:6:HAL_TIM_PeriodElapsedCallback	16	static
../Core/Src/main.c:514:6:Error_Handler	4	static,ignoring_inline_asm
