../Core/Src/main.c:73:6:Task01_Producer	32	static
../Core/Src/main.c:96:6:Task02_Producer	32	static
../Core/Src/main.c:119:6:Task03_Consumer	32	static
../Core/Src/main.c:144:6:HAL_UART_RxCpltCallback	24	static,ignoring_inline_asm
../Core/Src/main.c:173:5:main	16	static
../Core/Src/main.c:240:6:SystemClock_Config	88	static
../Core/Src/main.c:288:13:MX_USART2_UART_Init	8	static
../Core/Src/main.c:321:13:MX_GPIO_Init	32	static
../Core/Src/main.c:358:6:HAL_TIM_PeriodElapsedCallback	16	static
../Core/Src/main.c:375:6:Error_Handler	4	static,ignoring_inline_asm
