Archive member included to satisfy reference by file (symbol)

E:/ST/STM32CubeIDE_1.16.0/STM32CubeIDE/plugins/com.st.stm32cube.ide.mcu.externaltools.gnu-tools-for-stm32.12.3.rel1.win32_1.0.200.202406191623/tools/bin/../lib/gcc/arm-none-eabi/12.3.1/../../../../arm-none-eabi/lib/thumb/v7e-m+fp/hard\libc_nano.a(libc_a-exit.o)
                              E:/ST/STM32CubeIDE_1.16.0/STM32CubeIDE/plugins/com.st.stm32cube.ide.mcu.externaltools.gnu-tools-for-stm32.12.3.rel1.win32_1.0.200.202406191623/tools/bin/../lib/gcc/arm-none-eabi/12.3.1/../../../../arm-none-eabi/lib/thumb/v7e-m+fp/hard/crt0.o (exit)
E:/ST/STM32CubeIDE_1.16.0/STM32CubeIDE/plugins/com.st.stm32cube.ide.mcu.externaltools.gnu-tools-for-stm32.12.3.rel1.win32_1.0.200.202406191623/tools/bin/../lib/gcc/arm-none-eabi/12.3.1/../../../../arm-none-eabi/lib/thumb/v7e-m+fp/hard\libc_nano.a(libc_a-findfp.o)
                              E:/ST/STM32CubeIDE_1.16.0/STM32CubeIDE/plugins/com.st.stm32cube.ide.mcu.externaltools.gnu-tools-for-stm32.12.3.rel1.win32_1.0.200.202406191623/tools/bin/../lib/gcc/arm-none-eabi/12.3.1/../../../../arm-none-eabi/lib/thumb/v7e-m+fp/hard\libc_nano.a(libc_a-exit.o) (__stdio_exit_handler)
E:/ST/STM32CubeIDE_1.16.0/STM32CubeIDE/plugins/com.st.stm32cube.ide.mcu.externaltools.gnu-tools-for-stm32.12.3.rel1.win32_1.0.200.202406191623/tools/bin/../lib/gcc/arm-none-eabi/12.3.1/../../../../arm-none-eabi/lib/thumb/v7e-m+fp/hard\libc_nano.a(libc_a-fwalk.o)
                              E:/ST/STM32CubeIDE_1.16.0/STM32CubeIDE/plugins/com.st.stm32cube.ide.mcu.externaltools.gnu-tools-for-stm32.12.3.rel1.win32_1.0.200.202406191623/tools/bin/../lib/gcc/arm-none-eabi/12.3.1/../../../../arm-none-eabi/lib/thumb/v7e-m+fp/hard\libc_nano.a(libc_a-findfp.o) (_fwalk_sglue)
E:/ST/STM32CubeIDE_1.16.0/STM32CubeIDE/plugins/com.st.stm32cube.ide.mcu.externaltools.gnu-tools-for-stm32.12.3.rel1.win32_1.0.200.202406191623/tools/bin/../lib/gcc/arm-none-eabi/12.3.1/../../../../arm-none-eabi/lib/thumb/v7e-m+fp/hard\libc_nano.a(libc_a-snprintf.o)
                              ./Core/Src/main.o (snprintf)
E:/ST/STM32CubeIDE_1.16.0/STM32CubeIDE/plugins/com.st.stm32cube.ide.mcu.externaltools.gnu-tools-for-stm32.12.3.rel1.win32_1.0.200.202406191623/tools/bin/../lib/gcc/arm-none-eabi/12.3.1/../../../../arm-none-eabi/lib/thumb/v7e-m+fp/hard\libc_nano.a(libc_a-stdio.o)
                              E:/ST/STM32CubeIDE_1.16.0/STM32CubeIDE/plugins/com.st.stm32cube.ide.mcu.externaltools.gnu-tools-for-stm32.12.3.rel1.win32_1.0.200.202406191623/tools/bin/../lib/gcc/arm-none-eabi/12.3.1/../../../../arm-none-eabi/lib/thumb/v7e-m+fp/hard\libc_nano.a(libc_a-findfp.o) (__sread)
E:/ST/STM32CubeIDE_1.16.0/STM32CubeIDE/plugins/com.st.stm32cube.ide.mcu.externaltools.gnu-tools-for-stm32.12.3.rel1.win32_1.0.200.202406191623/tools/bin/../lib/gcc/arm-none-eabi/12.3.1/../../../../arm-none-eabi/lib/thumb/v7e-m+fp/hard\libc_nano.a(libc_a-memset.o)
                              E:/ST/STM32CubeIDE_1.16.0/STM32CubeIDE/plugins/com.st.stm32cube.ide.mcu.externaltools.gnu-tools-for-stm32.12.3.rel1.win32_1.0.200.202406191623/tools/bin/../lib/gcc/arm-none-eabi/12.3.1/../../../../arm-none-eabi/lib/thumb/v7e-m+fp/hard/crt0.o (memset)
E:/ST/STM32CubeIDE_1.16.0/STM32CubeIDE/plugins/com.st.stm32cube.ide.mcu.externaltools.gnu-tools-for-stm32.12.3.rel1.win32_1.0.200.202406191623/tools/bin/../lib/gcc/arm-none-eabi/12.3.1/../../../../arm-none-eabi/lib/thumb/v7e-m+fp/hard\libc_nano.a(libc_a-closer.o)
                              E:/ST/STM32CubeIDE_1.16.0/STM32CubeIDE/plugins/com.st.stm32cube.ide.mcu.externaltools.gnu-tools-for-stm32.12.3.rel1.win32_1.0.200.202406191623/tools/bin/../lib/gcc/arm-none-eabi/12.3.1/../../../../arm-none-eabi/lib/thumb/v7e-m+fp/hard\libc_nano.a(libc_a-stdio.o) (_close_r)
E:/ST/STM32CubeIDE_1.16.0/STM32CubeIDE/plugins/com.st.stm32cube.ide.mcu.externaltools.gnu-tools-for-stm32.12.3.rel1.win32_1.0.200.202406191623/tools/bin/../lib/gcc/arm-none-eabi/12.3.1/../../../../arm-none-eabi/lib/thumb/v7e-m+fp/hard\libc_nano.a(libc_a-reent.o)
                              E:/ST/STM32CubeIDE_1.16.0/STM32CubeIDE/plugins/com.st.stm32cube.ide.mcu.externaltools.gnu-tools-for-stm32.12.3.rel1.win32_1.0.200.202406191623/tools/bin/../lib/gcc/arm-none-eabi/12.3.1/../../../../arm-none-eabi/lib/thumb/v7e-m+fp/hard\libc_nano.a(libc_a-closer.o) (errno)
E:/ST/STM32CubeIDE_1.16.0/STM32CubeIDE/plugins/com.st.stm32cube.ide.mcu.externaltools.gnu-tools-for-stm32.12.3.rel1.win32_1.0.200.202406191623/tools/bin/../lib/gcc/arm-none-eabi/12.3.1/../../../../arm-none-eabi/lib/thumb/v7e-m+fp/hard\libc_nano.a(libc_a-impure.o)
                              E:/ST/STM32CubeIDE_1.16.0/STM32CubeIDE/plugins/com.st.stm32cube.ide.mcu.externaltools.gnu-tools-for-stm32.12.3.rel1.win32_1.0.200.202406191623/tools/bin/../lib/gcc/arm-none-eabi/12.3.1/../../../../arm-none-eabi/lib/thumb/v7e-m+fp/hard\libc_nano.a(libc_a-snprintf.o) (_impure_ptr)
[...]
Memory Configuration

Name             Origin             Length             Attributes
RAM              0x20000000         0x00020000         xrw
FLASH            0x08000000         0x00080000         xr
*default*        0x00000000         0xffffffff

Linker script and memory map

LOAD E:/ST/STM32CubeIDE_1.16.0/STM32CubeIDE/plugins/com.st.stm32cube.ide.mcu.externaltools.gnu-tools-for-stm32.12.3.rel1.win32_1.0.200.202406191623/tools/bin/../lib/gcc/arm-none-eabi/12.3.1/thumb/v7e-m+fp/hard/crti.o
LOAD E:/ST/STM32CubeIDE_1.16.0/STM32CubeIDE/plugins/com.st.stm32cube.ide.mcu.externaltools.gnu-tools-for-stm32.12.3.rel1.win32_1.0.200.202406191623/tools/bin/../lib/gcc/arm-none-eabi/12.3.1/thumb/v7e-m+fp/hard/crtbegin.o
LOAD E:/ST/STM32CubeIDE_1.16.0/STM32CubeIDE/plugins/com.st.stm32cube.ide.mcu.externaltools.gnu-tools-for-stm32.12.3.rel1.win32_1.0.200.202406191623/tools/bin/../lib/gcc/arm-none-eabi/12.3.1/../../../../arm-none-eabi/lib/thumb/v7e-m+fp/hard/crt0.o
LOAD ./Core/Src/freertos.o
LOAD ./Core/Src/main.o
LOAD ./Core/Src/stm32f4xx_hal_msp.o
LOAD ./Core/Src/stm32f4xx_it.o
LOAD ./Core/Src/syscalls.o
LOAD ./Core/Src/sysmem.o
LOAD ./Core/Src/system_stm32f4xx.o
LOAD ./Core/Startup/startup_stm32f446retx.o
LOAD ./Drivers/STM32F4xx_HAL_Driver/Src/stm32f4xx_hal.o
LOAD ./Drivers/STM32F4xx_HAL_Driver/Src/stm32f4xx_hal_cortex.o
LOAD ./Drivers/STM32F4xx_HAL_Driver/Src/stm32f4xx_hal_dma.o
LOAD ./Drivers/STM32F4xx_HAL_Driver/Src/stm32f4xx_hal_dma_ex.o
LOAD ./Drivers/STM32F4xx_HAL_Driver/Src/stm32f4xx_hal_exti.o
LOAD ./Drivers/STM32F4xx_HAL_Driver/Src/stm32f4xx_hal_flash.o
LOAD ./Drivers/STM32F4xx_HAL_Driver/Src/stm32f4xx_hal_flash_ex.o
LOAD ./Drivers/STM32F4xx_HAL_Driver/Src/stm32f4xx_hal_flash_ramfunc.o
LOAD ./Drivers/STM32F4xx_HAL_Driver/Src/stm32f4xx_hal_gpio.o
LOAD ./Drivers/STM32F4xx_HAL_Driver/Src/stm32f4xx_hal_pwr.o
LOAD ./Drivers/STM32F4xx_HAL_Driver/Src/stm32f4xx_hal_pwr_ex.o
LOAD ./Drivers/STM32F4xx_HAL_Driver/Src/stm32f4xx_hal_rcc.o
LOAD ./Drivers/STM32F4xx_HAL_Driver/Src/stm32f4xx_hal_rcc_ex.o
LOAD ./Drivers/STM32F4xx_HAL_Driver/Src/stm32f4xx_hal_tim.o
LOAD ./Drivers/STM32F4xx_HAL_Driver/Src/stm32f4xx_hal_tim_ex.o
LOAD ./Drivers/STM32F4xx_HAL_Driver/Src/stm32f4xx_hal_uart.o
LOAD ./Middlewares/Third_Party/FreeRTOS/Source/CMSIS_RTOS/cmsis_os.o
LOAD ./Middlewares/Third_Party/FreeRTOS/Source/croutine.o
LOAD ./Middlewares/Third_Party/FreeRTOS/Source/event_groups.o
LOAD ./Middlewares/Third_Party/FreeRTOS/Source/list.o
LOAD ./Middlewares/Third_Party/FreeRTOS/Source/queue.o
LOAD ./Middlewares/Third_Party/FreeRTOS/Source/stream_buffer.o
LOAD ./Middlewares/Third_Party/FreeRTOS/Source/tasks.o
LOAD ./Middlewares/Third_Party/FreeRTOS/Source/timers.o
LOAD ./Middlewares/Third_Party/FreeRTOS/Source/portable/GCC/ARM_CM4F/port.o
LOAD ./Middlewares/Third_Party/FreeRTOS/Source/portable/MemMang/heap_4.o
START GROUP
LOAD E:/ST/STM32CubeIDE_1.16.0/STM32CubeIDE/plugins/com.st.stm32cube.ide.mcu.externaltools.gnu-tools-for-stm32.12.3.rel1.win32_1.0.200.202406191623/tools/bin/../lib/gcc/arm-none-eabi/12.3.1/../../../../arm-none-eabi/lib/thumb/v7e-m+fp/hard\libc_nano.a
LOAD E:/ST/STM32CubeIDE_1.16.0/STM32CubeIDE/plugins/com.st.stm32cube.ide.mcu.externaltools.gnu-tools-for-stm32.12.3.rel1.win32_1.0.200.202406191623/tools/bin/../lib/gcc/arm-none-eabi/12.3.1/../../../../arm-none-eabi/lib/thumb/v7e-m+fp/hard\libm.a
END GROUP
START GROUP
LOAD E:/ST/STM32CubeIDE_1.16.0/STM32CubeIDE/plugins/com.st.stm32cube.ide.mcu.externaltools.gnu-tools-for-stm32.12.3.rel1.win32_1.0.200.202406191623/tools/bin/../lib/gcc/arm-none-eabi/12.3.1/thumb/v7e-m+fp/hard\libgcc.a
LOAD E:/ST/STM32CubeIDE_1.16.0/STM32CubeIDE/plugins/com.st.stm32cube.ide.mcu.externaltools.gnu-tools-for-stm32.12.3.rel1.win32_1.0.200.202406191623/tools/bin/../lib/gcc/arm-none-eabi/12.3.1/../../../../arm-none-eabi/lib/thumb/v7e-m+fp/hard\libc_nano.a
END GROUP
START GROUP
LOAD E:/ST/STM32CubeIDE_1.16.0/STM32CubeIDE/plugins/com.st.stm32cube.ide.mcu.externaltools.gnu-tools-for-stm32.12.3.rel1.win32_1.0.200.202406191623/tools/bin/../lib/gcc/arm-none-eabi/12.3.1/thumb/v7e-m+fp/hard\libgcc.a
LOAD E:/ST/STM32CubeIDE_1.16.0/STM32CubeIDE/plugins/com.st.stm32cube.ide.mcu.externaltools.gnu-tools-for-stm32.12.3.rel1.win32_1.0.200.202406191623/tools/bin/../lib/gcc/arm-none-eabi/12.3.1/../../../../arm-none-eabi/lib/thumb/v7e-m+fp/hard\libc_nano.a
LOAD E:/ST/STM32CubeIDE_1.16.0/STM32CubeIDE/plugins/com.st.stm32cube.ide.mcu.externaltools.gnu-tools-for-stm32.12.3.rel1.win32_1.0.200.202406191623/tools/bin/../lib/gcc/arm-none-eabi/12.3.1/../../../../arm-none-eabi/lib/thumb/v7e-m+fp/hard\libnosys.a
END GROUP
START GROUP
LOAD E:/ST/STM32CubeIDE_1.16.0/STM32CubeIDE/plugins/com.st.stm32cube.ide.mcu.externaltools.gnu-tools-for-stm32.12.3.rel1.win32_1.0.200.202406191623/tools/bin/../lib/gcc/arm-none-eabi/12.3.1/thumb/v7e-m+fp/hard\libgcc.a
LOAD E:/ST/STM32CubeIDE_1.16.0/STM32CubeIDE/plugins/com.st.stm32cube.ide.mcu.externaltools.gnu-tools-for-stm32.12.3.rel1.win32_1.0.200.202406191623/tools/bin/../lib/gcc/arm-none-eabi/12.3.1/../../../../arm-none-eabi/lib/thumb/v7e-m+fp/hard\libc_nano.a
LOAD E:/ST/STM32CubeIDE_1.16.0/STM32CubeIDE/plugins/com.st.stm32cube.ide.mcu.externaltools.gnu-tools-for-stm32.12.3.rel1.win32_1.0.200.202406191623/tools/bin/../lib/gcc/arm-none-eabi/12.3.1/../../../../arm-none-eabi/lib/thumb/v7e-m+fp/hard\libnosys.a
END GROUP
LOAD E:/ST/STM32CubeIDE_1.16.0/STM32CubeIDE/plugins/com.st.stm32cube.ide.mcu.externaltools.gnu-tools-for-stm32.12.3.rel1.win32_1.0.200.202406191623/tools/bin/../lib/gcc/arm-none-eabi/12.3.1/thumb/v7e-m+fp/hard/crtend.o
LOAD E:/ST/STM32CubeIDE_1.16.0/STM32CubeIDE/plugins/com.st.stm32cube.ide.mcu.externaltools.gnu-tools-for-stm32.12.3.rel1.win32_1.0.200.202406191623/tools/bin/../lib/gcc/arm-none-eabi/12.3.1/thumb/v7e-m+fp/hard/crtn.o
                0x20020000                        _estack = (ORIGIN (RAM) + LENGTH (RAM))
                0x00000200                        _Min_Heap_Size = 0x200
                0x00000400                        _Min_Stack_Size = 0x400

.isr_vector     0x08000000      0x1c4
                0x08000000                        . = ALIGN (0x4)
 *(.isr_vector)
 .isr_vector    0x08000000      0x1c4 ./Core/Startup/startup_stm32f446retx.o
                0x08000000                g_pfnVectors
                0x080001c4                        . = ALIGN (0x4)

.text           0x080001d0     0x6378
                0x080001d0                        . = ALIGN (0x4)
 *(.text)
 .text          0x080001d0       0x40 E:/ST/STM32CubeIDE_1.16.0/STM32CubeIDE/plugins/com.st.stm32cube.ide.mcu.externaltools.gnu-tools-for-stm32.12.3.rel1.win32_1.0.200.202406191623/tools/bin/../lib/gcc/arm-none-eabi/12.3.1/thumb/v7e-m+fp/hard/crtbegin.o
 .text          0x08000210       0x10 E:/ST/STM32CubeIDE_1.16.0/STM32CubeIDE/plugins/com.st.stm32cube.ide.mcu.externaltools.gnu-tools-for-stm32.12.3.rel1.win32_1.0.200.202406191623/tools/bin/../lib/gcc/arm-none-eabi/12.3.1/../../../../arm-none-eabi/lib/thumb/v7e-m+fp/hard\libc_nano.a(libc_a-strlen.o)
                0x08000210                strlen
 .text          0x08000220       0xa0 E:/ST/STM32CubeIDE_1.16.0/STM32CubeIDE/plugins/com.st.stm32cube.ide.mcu.externaltools.gnu-tools-for-stm32.12.3.rel1.win32_1.0.200.202406191623/tools/bin/../lib/gcc/arm-none-eabi/12.3.1/../../../../arm-none-eabi/lib/thumb/v7e-m+fp/hard\libc_nano.a(libc_a-memchr.o)
                0x08000220                memchr
 .text          0x080002c0      0x378 E:/ST/STM32CubeIDE_1.16.0/STM32CubeIDE/plugins/com.st.stm32cube.ide.mcu.externaltools.gnu-tools-for-stm32.12.3.rel1.win32_1.0.200.202406191623/tools/bin/../lib/gcc/arm-none-eabi/12.3.1/thumb/v7e-m+fp/hard\libgcc.a(_arm_addsubdf3.o)
                0x080002c0                __aeabi_drsub
                0x080002c8                __aeabi_dsub
                0x080002c8                __subdf3
                0x080002cc                __aeabi_dadd
                0x080002cc                __adddf3
                0x08000544                __floatunsidf
                0x08000544                __aeabi_ui2d
                0x08000564                __floatsidf
                0x08000564                __aeabi_i2d
                0x08000588                __aeabi_f2d
                0x08000588                __extendsfdf2
                0x080005cc                __floatundidf
                0x080005cc                __aeabi_ul2d
                0x080005dc                __floatdidf
                0x080005dc                __aeabi_l2d
 .text          0x08000638      0x424 E:/ST/STM32CubeIDE_1.16.0/STM32CubeIDE/plugins/com.st.stm32cube.ide.mcu.externaltools.gnu-tools-for-stm32.12.3.rel1.win32_1.0.200.202406191623/tools/bin/../lib/gcc/arm-none-eabi/12.3.1/thumb/v7e-m+fp/hard\libgcc.a(_arm_muldivdf3.o)
                0x08000638                __aeabi_dmul
                0x08000638                __muldf3
                0x0800088c                __divdf3
                0x0800088c                __aeabi_ddiv
 .text          0x08000a5c       0x50 E:/ST/STM32CubeIDE_1.16.0/STM32CubeIDE/plugins/com.st.stm32cube.ide.mcu.externaltools.gnu-tools-for-stm32.12.3.rel1.win32_1.0.200.202406191623/tools/bin/../lib/gcc/arm-none-eabi/12.3.1/thumb/v7e-m+fp/hard\libgcc.a(_arm_fixdfsi.o)
                0x08000a5c                __aeabi_d2iz
                0x08000a5c                __fixdfsi
 .text          0x08000aac       0x30 E:/ST/STM32CubeIDE_1.16.0/STM32CubeIDE/plugins/com.st.stm32cube.ide.mcu.externaltools.gnu-tools-for-stm32.12.3.rel1.win32_1.0.200.202406191623/tools/bin/../lib/gcc/arm-none-eabi/12.3.1/thumb/v7e-m+fp/hard\libgcc.a(_aeabi_uldivmod.o)
                0x08000aac                __aeabi_uldivmod
 .text          0x08000adc      0x2bc E:/ST/STM32CubeIDE_1.16.0/STM32CubeIDE/plugins/com.st.stm32cube.ide.mcu.externaltools.gnu-tools-for-stm32.12.3.rel1.win32_1.0.200.202406191623/tools/bin/../lib/gcc/arm-none-eabi/12.3.1/thumb/v7e-m+fp/hard\libgcc.a(_udivmoddi4.o)
                0x08000adc                __udivmoddi4
 .text          0x08000d98        0x4 E:/ST/STM32CubeIDE_1.16.0/STM32CubeIDE/plugins/com.st.stm32cube.ide.mcu.externaltools.gnu-tools-for-stm32.12.3.rel1.win32_1.0.200.202406191623/tools/bin/../lib/gcc/arm-none-eabi/12.3.1/thumb/v7e-m+fp/hard\libgcc.a(_dvmd_tls.o)
                0x08000d98                __aeabi_idiv0
                0x08000d98                __aeabi_ldiv0
 *(.text*)
 .text.vApplicationGetIdleTaskMemory
                0x08000d9c       0x34 ./Core/Src/freertos.o
                0x08000d9c                vApplicationGetIdleTaskMemory
 .text.ProcessTrigger
                0x08000dd0       0x80 ./Core/Src/main.o
                0x08000dd0                ProcessTrigger
 .text.HAL_GPIO_EXTI_Callback
                0x08000e50       0x4c ./Core/Src/main.o
                0x08000e50                HAL_GPIO_EXTI_Callback
 .text.main     0x08000e9c       0x50 ./Core/Src/main.o
                0x08000e9c                main
 .text.SystemClock_Config
                0x08000eec       0xdc ./Core/Src/main.o
                0x08000eec                SystemClock_Config
 .text.MX_TIM2_Init
                0x08000fc8       0xa4 ./Core/Src/main.o
 .text.MX_USART2_UART_Init
                0x0800106c       0x54 ./Core/Src/main.o
 .text.MX_GPIO_Init
                0x080010c0       0xd0 ./Core/Src/main.o
 .text.HAL_TIM_IC_CaptureCallback
                0x08001190      0x108 ./Core/Src/main.o
                0x08001190                HAL_TIM_IC_CaptureCallback
 .text.Error_Handler
                0x08001298        0xc ./Core/Src/main.o
                0x08001298                Error_Handler
 .text.HAL_MspInit
                0x080012a4       0x58 ./Core/Src/stm32f4xx_hal_msp.o
                0x080012a4                HAL_MspInit
 .text.HAL_TIM_IC_MspInit
                0x080012fc       0x9c ./Core/Src/stm32f4xx_hal_msp.o
                0x080012fc                HAL_TIM_IC_MspInit
 .text.HAL_UART_MspInit
                0x08001398       0xa0 ./Core/Src/stm32f4xx_hal_msp.o
                0x08001398                HAL_UART_MspInit
 .text.NMI_Handler
                0x08001438        0x8 ./Core/Src/stm32f4xx_it.o
                0x08001438                NMI_Handler
 .text.HardFault_Handler
                0x08001440        0x8 ./Core/Src/stm32f4xx_it.o
                0x08001440                HardFault_Handler
 .text.MemManage_Handler
                0x08001448        0x8 ./Core/Src/stm32f4xx_it.o
                0x08001448                MemManage_Handler
 .text.BusFault_Handler
                0x08001450        0x8 ./Core/Src/stm32f4xx_it.o
                0x08001450                BusFault_Handler
 .text.UsageFault_Handler
                0x08001458        0x8 ./Core/Src/stm32f4xx_it.o
                0x08001458                UsageFault_Handler
 .text.DebugMon_Handler
                0x08001460        0xe ./Core/Src/stm32f4xx_it.o
                0x08001460                DebugMon_Handler
 .text.SysTick_Handler
                0x0800146e       0x1a ./Core/Src/stm32f4xx_it.o
                0x0800146e                SysTick_Handler
 .text.TIM2_IRQHandler
                0x08001488       0x14 ./Core/Src/stm32f4xx_it.o
                0x08001488                TIM2_IRQHandler
 .text.USART2_IRQHandler
                0x0800149c       0x14 ./Core/Src/stm32f4xx_it.o
                0x0800149c                USART2_IRQHandler
 .text.EXTI15_10_IRQHandler
                0x080014b0       0x10 ./Core/Src/stm32f4xx_it.o
                0x080014b0                EXTI15_10_IRQHandler
 .text._sbrk    0x080014c0       0x6c ./Core/Src/sysmem.o
                0x080014c0                _sbrk
 .text.SystemInit
                0x0800152c       0x24 ./Core/Src/system_stm32f4xx.o
                0x0800152c                SystemInit
 .text.Reset_Handler
                0x08001550       0x50 ./Core/Startup/startup_stm32f446retx.o
                0x08001550                Reset_Handler
 .text.Default_Handler
                0x080015a0        0x2 ./Core/Startup/startup_stm32f446retx.o
                0x080015a0                RTC_Alarm_IRQHandler
                0x080015a0                EXTI2_IRQHandler
                0x080015a0                TIM8_CC_IRQHandler
                0x080015a0                FMPI2C1_EV_IRQHandler
                0x080015a0                SPI4_IRQHandler
                0x080015a0                TIM1_CC_IRQHandler
                0x080015a0                DMA2_Stream5_IRQHandler
                0x080015a0                DMA1_Stream5_IRQHandler
                0x080015a0                PVD_IRQHandler
                0x080015a0                SDIO_IRQHandler
                0x080015a0                TAMP_STAMP_IRQHandler
                0x080015a0                CAN2_RX1_IRQHandler
                0x080015a0                EXTI3_IRQHandler
                0x080015a0                TIM8_TRG_COM_TIM14_IRQHandler
                0x080015a0                TIM1_UP_TIM10_IRQHandler
                0x080015a0                TIM8_UP_TIM13_IRQHandler
                0x080015a0                I2C3_ER_IRQHandler
                0x080015a0                EXTI0_IRQHandler
                0x080015a0                I2C2_EV_IRQHandler
                0x080015a0                DMA1_Stream2_IRQHandler
                0x080015a0                CAN1_RX0_IRQHandler
                0x080015a0                FPU_IRQHandler
                0x080015a0                OTG_HS_WKUP_IRQHandler
                0x080015a0                CAN2_SCE_IRQHandler
                0x080015a0                DMA2_Stream2_IRQHandler
                0x080015a0                SPI1_IRQHandler
                0x080015a0                TIM6_DAC_IRQHandler
                0x080015a0                TIM1_BRK_TIM9_IRQHandler
                0x080015a0                DCMI_IRQHandler
                0x080015a0                CAN2_RX0_IRQHandler
                0x080015a0                DMA2_Stream3_IRQHandler
                0x080015a0                SAI2_IRQHandler
                0x080015a0                USART6_IRQHandler
                0x080015a0                USART3_IRQHandler
                0x080015a0                CAN1_RX1_IRQHandler
                0x080015a0                UART5_IRQHandler
                0x080015a0                DMA2_Stream0_IRQHandler
                0x080015a0                TIM4_IRQHandler
                0x080015a0                QUADSPI_IRQHandler
                0x080015a0                I2C1_EV_IRQHandler
                0x080015a0                DMA1_Stream6_IRQHandler
                0x080015a0                DMA1_Stream1_IRQHandler
                0x080015a0                UART4_IRQHandler
                0x080015a0                TIM3_IRQHandler
                0x080015a0                RCC_IRQHandler
                0x080015a0                TIM8_BRK_TIM12_IRQHandler
                0x080015a0                Default_Handler
                0x080015a0                CEC_IRQHandler
                0x080015a0                ADC_IRQHandler
                0x080015a0                DMA1_Stream7_IRQHandler
                0x080015a0                TIM7_IRQHandler
                0x080015a0                CAN2_TX_IRQHandler
                0x080015a0                TIM5_IRQHandler
                0x080015a0                DMA2_Stream7_IRQHandler
                0x080015a0                I2C3_EV_IRQHandler
                0x080015a0                EXTI9_5_IRQHandler
                0x080015a0                RTC_WKUP_IRQHandler
                0x080015a0                SPDIF_RX_IRQHandler
                0x080015a0                SPI2_IRQHandler
                0x080015a0                OTG_HS_EP1_IN_IRQHandler
                0x080015a0                DMA1_Stream0_IRQHandler
                0x080015a0                CAN1_TX_IRQHandler
                0x080015a0                FMPI2C1_ER_IRQHandler
                0x080015a0                EXTI4_IRQHandler
                0x080015a0                OTG_HS_EP1_OUT_IRQHandler
                0x080015a0                WWDG_IRQHandler
                0x080015a0                OTG_FS_WKUP_IRQHandler
                0x080015a0                TIM1_TRG_COM_TIM11_IRQHandler
                0x080015a0                OTG_HS_IRQHandler
                0x080015a0                EXTI1_IRQHandler
                0x080015a0                I2C2_ER_IRQHandler
                0x080015a0                DMA2_Stream1_IRQHandler
                0x080015a0                CAN1_SCE_IRQHandler
                0x080015a0                FLASH_IRQHandler
                0x080015a0                DMA2_Stream4_IRQHandler
                0x080015a0                USART1_IRQHandler
                0x080015a0                OTG_FS_IRQHandler
                0x080015a0                SPI3_IRQHandler
                0x080015a0                DMA1_Stream4_IRQHandler
                0x080015a0                I2C1_ER_IRQHandler
                0x080015a0                FMC_IRQHandler
                0x080015a0                DMA2_Stream6_IRQHandler
                0x080015a0                SAI1_IRQHandler
                0x080015a0                DMA1_Stream3_IRQHandler
 *fill*         0x080015a2        0x2 
 .text.HAL_Init
                0x080015a4       0x44 ./Drivers/STM32F4xx_HAL_Driver/Src/stm32f4xx_hal.o
                0x080015a4                HAL_Init
 .text.HAL_InitTick
                0x080015e8       0x60 ./Drivers/STM32F4xx_HAL_Driver/Src/stm32f4xx_hal.o
                0x080015e8                HAL_InitTick
 .text.HAL_IncTick
                0x08001648       0x28 ./Drivers/STM32F4xx_HAL_Driver/Src/stm32f4xx_hal.o
                0x08001648                HAL_IncTick
 .text.HAL_GetTick
                0x08001670       0x18 ./Drivers/STM32F4xx_HAL_Driver/Src/stm32f4xx_hal.o
                0x08001670                HAL_GetTick
 .text.HAL_Delay
                0x08001688       0x48 ./Drivers/STM32F4xx_HAL_Driver/Src/stm32f4xx_hal.o
                0x08001688                HAL_Delay
 .text.__NVIC_SetPriorityGrouping
                0x080016d0       0x48 ./Drivers/STM32F4xx_HAL_Driver/Src/stm32f4xx_hal_cortex.o
 .text.__NVIC_GetPriorityGrouping
                0x08001718       0x1c ./Drivers/STM32F4xx_HAL_Driver/Src/stm32f4xx_hal_cortex.o
 .text.__NVIC_EnableIRQ
                0x08001734       0x3c ./Drivers/STM32F4xx_HAL_Driver/Src/stm32f4xx_hal_cortex.o
 .text.__NVIC_SetPriority
                0x08001770       0x54 ./Drivers/STM32F4xx_HAL_Driver/Src/stm32f4xx_hal_cortex.o
 .text.NVIC_EncodePriority
                0x080017c4       0x66 ./Drivers/STM32F4xx_HAL_Driver/Src/stm32f4xx_hal_cortex.o
 *fill*         0x0800182a        0x2 
 .text.SysTick_Config
                0x0800182c       0x44 ./Drivers/STM32F4xx_HAL_Driver/Src/stm32f4xx_hal_cortex.o
 .text.HAL_NVIC_SetPriorityGrouping
                0x08001870       0x16 ./Drivers/STM32F4xx_HAL_Driver/Src/stm32f4xx_hal_cortex.o
                0x08001870                HAL_NVIC_SetPriorityGrouping
 .text.HAL_NVIC_SetPriority
                0x08001886       0x38 ./Drivers/STM32F4xx_HAL_Driver/Src/stm32f4xx_hal_cortex.o
                0x08001886                HAL_NVIC_SetPriority
 .text.HAL_NVIC_EnableIRQ
                0x080018be       0x1c ./Drivers/STM32F4xx_HAL_Driver/Src/stm32f4xx_hal_cortex.o
                0x080018be                HAL_NVIC_EnableIRQ
 .text.HAL_SYSTICK_Config
                0x080018da       0x18 ./Drivers/STM32F4xx_HAL_Driver/Src/stm32f4xx_hal_cortex.o
                0x080018da                HAL_SYSTICK_Config
 .text.HAL_DMA_Abort
                0x080018f2       0xe0 ./Drivers/STM32F4xx_HAL_Driver/Src/stm32f4xx_hal_dma.o
                0x080018f2                HAL_DMA_Abort
 .text.HAL_DMA_Abort_IT
                0x080019d2       0x44 ./Drivers/STM32F4xx_HAL_Driver/Src/stm32f4xx_hal_dma.o
                0x080019d2                HAL_DMA_Abort_IT
 *fill*         0x08001a16        0x2 
 .text.HAL_GPIO_Init
                0x08001a18      0x328 ./Drivers/STM32F4xx_HAL_Driver/Src/stm32f4xx_hal_gpio.o
                0x08001a18                HAL_GPIO_Init
 .text.HAL_GPIO_WritePin
                0x08001d40       0x32 ./Drivers/STM32F4xx_HAL_Driver/Src/stm32f4xx_hal_gpio.o
                0x08001d40                HAL_GPIO_WritePin
 *fill*         0x08001d72        0x2 
 .text.HAL_GPIO_EXTI_IRQHandler
                0x08001d74       0x30 ./Drivers/STM32F4xx_HAL_Driver/Src/stm32f4xx_hal_gpio.o
                0x08001d74                HAL_GPIO_EXTI_IRQHandler
 .text.HAL_RCC_ClockConfig
                0x08001da4      0x1cc ./Drivers/STM32F4xx_HAL_Driver/Src/stm32f4xx_hal_rcc.o
                0x08001da4                HAL_RCC_ClockConfig
 .text.HAL_RCC_GetHCLKFreq
                0x08001f70       0x18 ./Drivers/STM32F4xx_HAL_Driver/Src/stm32f4xx_hal_rcc.o
                0x08001f70                HAL_RCC_GetHCLKFreq
 .text.HAL_RCC_GetPCLK1Freq
                0x08001f88       0x28 ./Drivers/STM32F4xx_HAL_Driver/Src/stm32f4xx_hal_rcc.o
                0x08001f88                HAL_RCC_GetPCLK1Freq
 .text.HAL_RCC_GetPCLK2Freq
                0x08001fb0       0x28 ./Drivers/STM32F4xx_HAL_Driver/Src/stm32f4xx_hal_rcc.o
                0x08001fb0                HAL_RCC_GetPCLK2Freq
 .text.HAL_RCC_GetSysClockFreq
                0x08001fd8      0x460 ./Drivers/STM32F4xx_HAL_Driver/Src/stm32f4xx_hal_rcc_ex.o
                0x08001fd8                HAL_RCC_GetSysClockFreq
 .text.HAL_RCC_OscConfig
                0x08002438      0x53c ./Drivers/STM32F4xx_HAL_Driver/Src/stm32f4xx_hal_rcc_ex.o
                0x08002438                HAL_RCC_OscConfig
 .text.HAL_TIM_IC_Init
                0x08002974       0x9e ./Drivers/STM32F4xx_HAL_Driver/Src/stm32f4xx_hal_tim.o
                0x08002974                HAL_TIM_IC_Init
 *fill*         0x08002a12        0x2 
 .text.HAL_TIM_IC_Start_IT
                0x08002a14      0x250 ./Drivers/STM32F4xx_HAL_Driver/Src/stm32f4xx_hal_tim.o
                0x08002a14                HAL_TIM_IC_Start_IT
 .text.HAL_TIM_IRQHandler
                0x08002c64      0x1e0 ./Drivers/STM32F4xx_HAL_Driver/Src/stm32f4xx_hal_tim.o
                0x08002c64                HAL_TIM_IRQHandler
 .text.HAL_TIM_IC_ConfigChannel
                0x08002e44      0x138 ./Drivers/STM32F4xx_HAL_Driver/Src/stm32f4xx_hal_tim.o
                0x08002e44                HAL_TIM_IC_ConfigChannel
 .text.HAL_TIM_ReadCapturedValue
                0x08002f7c       0x88 ./Drivers/STM32F4xx_HAL_Driver/Src/stm32f4xx_hal_tim.o
                0x08002f7c                HAL_TIM_ReadCapturedValue
 .text.HAL_TIM_PeriodElapsedCallback
                0x08003004       0x14 ./Drivers/STM32F4xx_HAL_Driver/Src/stm32f4xx_hal_tim.o
                0x08003004                HAL_TIM_PeriodElapsedCallback
 .text.HAL_TIM_OC_DelayElapsedCallback
                0x08003018       0x14 ./Drivers/STM32F4xx_HAL_Driver/Src/stm32f4xx_hal_tim.o
                0x08003018                HAL_TIM_OC_DelayElapsedCallback
 .text.HAL_TIM_PWM_PulseFinishedCallback
                0x0800302c       0x14 ./Drivers/STM32F4xx_HAL_Driver/Src/stm32f4xx_hal_tim.o
                0x0800302c                HAL_TIM_PWM_PulseFinishedCallback
 .text.HAL_TIM_TriggerCallback
                0x08003040       0x14 ./Drivers/STM32F4xx_HAL_Driver/Src/stm32f4xx_hal_tim.o
                0x08003040                HAL_TIM_TriggerCallback
 .text.TIM_Base_SetConfig
                0x08003054      0x14c ./Drivers/STM32F4xx_HAL_Driver/Src/stm32f4xx_hal_tim.o
                0x08003054                TIM_Base_SetConfig
 .text.TIM_TI1_SetConfig
                0x080031a0       0xe8 ./Drivers/STM32F4xx_HAL_Driver/Src/stm32f4xx_hal_tim.o
                0x080031a0                TIM_TI1_SetConfig
 .text.TIM_TI2_SetConfig
                0x08003288       0x7a ./Drivers/STM32F4xx_HAL_Driver/Src/stm32f4xx_hal_tim.o
 .text.TIM_TI3_SetConfig
                0x08003302       0x78 ./Drivers/STM32F4xx_HAL_Driver/Src/stm32f4xx_hal_tim.o
 .text.TIM_TI4_SetConfig
                0x0800337a       0x7a ./Drivers/STM32F4xx_HAL_Driver/Src/stm32f4xx_hal_tim.o
 .text.TIM_CCxChannelCmd
                0x080033f4       0x4a ./Drivers/STM32F4xx_HAL_Driver/Src/stm32f4xx_hal_tim.o
                0x080033f4                TIM_CCxChannelCmd
 *fill*         0x0800343e        0x2 
 .text.HAL_TIMEx_MasterConfigSynchronization
                0x08003440       0xf8 ./Drivers/STM32F4xx_HAL_Driver/Src/stm32f4xx_hal_tim_ex.o
                0x08003440                HAL_TIMEx_MasterConfigSynchronization
 .text.HAL_TIMEx_CommutCallback
                0x08003538       0x14 ./Drivers/STM32F4xx_HAL_Driver/Src/stm32f4xx_hal_tim_ex.o
                0x08003538                HAL_TIMEx_CommutCallback
 .text.HAL_TIMEx_BreakCallback
                0x0800354c       0x14 ./Drivers/STM32F4xx_HAL_Driver/Src/stm32f4xx_hal_tim_ex.o
                0x0800354c                HAL_TIMEx_BreakCallback
 .text.HAL_UART_Init
                0x08003560       0xa0 ./Drivers/STM32F4xx_HAL_Driver/Src/stm32f4xx_hal_uart.o
                0x08003560                HAL_UART_Init
 .text.HAL_UART_Transmit
                0x08003600      0x116 ./Drivers/STM32F4xx_HAL_Driver/Src/stm32f4xx_hal_uart.o
                0x08003600                HAL_UART_Transmit
 *fill*         0x08003716        0x2 
 .text.HAL_UART_IRQHandler
                0x08003718      0x554 ./Drivers/STM32F4xx_HAL_Driver/Src/stm32f4xx_hal_uart.o
                0x08003718                HAL_UART_IRQHandler
 .text.HAL_UART_TxCpltCallback
                0x08003c6c       0x14 ./Drivers/STM32F4xx_HAL_Driver/Src/stm32f4xx_hal_uart.o
                0x08003c6c                HAL_UART_TxCpltCallback
 .text.HAL_UART_RxCpltCallback
                0x08003c80       0x14 ./Drivers/STM32F4xx_HAL_Driver/Src/stm32f4xx_hal_uart.o
                0x08003c80                HAL_UART_RxCpltCallback
 .text.HAL_UART_ErrorCallback
                0x08003c94       0x14 ./Drivers/STM32F4xx_HAL_Driver/Src/stm32f4xx_hal_uart.o
                0x08003c94                HAL_UART_ErrorCallback
 .text.HAL_UARTEx_RxEventCallback
                0x08003ca8       0x18 ./Drivers/STM32F4xx_HAL_Driver/Src/stm32f4xx_hal_uart.o
                0x08003ca8                HAL_UARTEx_RxEventCallback
 .text.UART_WaitOnFlagUntilTimeout
                0x08003cc0       0xb2 ./Drivers/STM32F4xx_HAL_Driver/Src/stm32f4xx_hal_uart.o
 .text.UART_EndRxTransfer
                0x08003d72       0xc6 ./Drivers/STM32F4xx_HAL_Driver/Src/stm32f4xx_hal_uart.o
 .text.UART_DMAAbortOnError
                0x08003e38       0x22 ./Drivers/STM32F4xx_HAL_Driver/Src/stm32f4xx_hal_uart.o
 .text.UART_Transmit_IT
                0x08003e5a       0xa0 ./Drivers/STM32F4xx_HAL_Driver/Src/stm32f4xx_hal_uart.o
 .text.UART_EndTransmit_IT
                0x08003efa       0x30 ./Drivers/STM32F4xx_HAL_Driver/Src/stm32f4xx_hal_uart.o
 .text.UART_Receive_IT
                0x08003f2a      0x17c ./Drivers/STM32F4xx_HAL_Driver/Src/stm32f4xx_hal_uart.o
 *fill*         0x080040a6        0x2 
 .text.UART_SetConfig
                0x080040a8      0x4e8 ./Drivers/STM32F4xx_HAL_Driver/Src/stm32f4xx_hal_uart.o
 .text.vListInitialise
                0x08004590       0x40 ./Middlewares/Third_Party/FreeRTOS/Source/list.o
                0x08004590                vListInitialise
 .text.vListInitialiseItem
                0x080045d0       0x1a ./Middlewares/Third_Party/FreeRTOS/Source/list.o
                0x080045d0                vListInitialiseItem
 .text.vListInsertEnd
                0x080045ea       0x48 ./Middlewares/Third_Party/FreeRTOS/Source/list.o
                0x080045ea                vListInsertEnd
 .text.vListInsert
                0x08004632       0x72 ./Middlewares/Third_Party/FreeRTOS/Source/list.o
                0x08004632                vListInsert
 .text.uxListRemove
                0x080046a4       0x54 ./Middlewares/Third_Party/FreeRTOS/Source/list.o
                0x080046a4                uxListRemove
 .text.xTaskCreateStatic
                0x080046f8       0xc0 ./Middlewares/Third_Party/FreeRTOS/Source/tasks.o
                0x080046f8                xTaskCreateStatic
 .text.xTaskCreate
                0x080047b8       0x8a ./Middlewares/Third_Party/FreeRTOS/Source/tasks.o
                0x080047b8                xTaskCreate
 .text.prvInitialiseNewTask
                0x08004842      0x110 ./Middlewares/Third_Party/FreeRTOS/Source/tasks.o
 *fill*         0x08004952        0x2 
 .text.prvAddNewTaskToReadyList
                0x08004954       0xd4 ./Middlewares/Third_Party/FreeRTOS/Source/tasks.o
 .text.vTaskDelay
                0x08004a28       0x6c ./Middlewares/Third_Party/FreeRTOS/Source/tasks.o
                0x08004a28                vTaskDelay
 .text.vTaskStartScheduler
                0x08004a94       0xc4 ./Middlewares/Third_Party/FreeRTOS/Source/tasks.o
                0x08004a94                vTaskStartScheduler
 .text.vTaskSuspendAll
                0x08004b58       0x1c ./Middlewares/Third_Party/FreeRTOS/Source/tasks.o
                0x08004b58                vTaskSuspendAll
 .text.xTaskResumeAll
                0x08004b74      0x13c ./Middlewares/Third_Party/FreeRTOS/Source/tasks.o
                0x08004b74                xTaskResumeAll
 .text.xTaskIncrementTick
                0x08004cb0      0x174 ./Middlewares/Third_Party/FreeRTOS/Source/tasks.o
                0x08004cb0                xTaskIncrementTick
 .text.vTaskSwitchContext
                0x08004e24       0xb8 ./Middlewares/Third_Party/FreeRTOS/Source/tasks.o
                0x08004e24                vTaskSwitchContext
 .text.prvIdleTask
                0x08004edc       0x30 ./Middlewares/Third_Party/FreeRTOS/Source/tasks.o
 .text.prvInitialiseTaskLists
                0x08004f0c       0x80 ./Middlewares/Third_Party/FreeRTOS/Source/tasks.o
 .text.prvCheckTasksWaitingTermination
                0x08004f8c       0x5c ./Middlewares/Third_Party/FreeRTOS/Source/tasks.o
 .text.prvDeleteTCB
                0x08004fe8       0x60 ./Middlewares/Third_Party/FreeRTOS/Source/tasks.o
 .text.prvResetNextTaskUnblockTime
                0x08005048       0x40 ./Middlewares/Third_Party/FreeRTOS/Source/tasks.o
 .text.xTaskGetSchedulerState
                0x08005088       0x3c ./Middlewares/Third_Party/FreeRTOS/Source/tasks.o
                0x08005088                xTaskGetSchedulerState
 .text.ulTaskNotifyTake
                0x080050c4       0x90 ./Middlewares/Third_Party/FreeRTOS/Source/tasks.o
                0x080050c4                ulTaskNotifyTake
 .text.vTaskNotifyGiveFromISR
                0x08005154      0x128 ./Middlewares/Third_Party/FreeRTOS/Source/tasks.o
                0x08005154                vTaskNotifyGiveFromISR
 .text.prvAddCurrentTaskToDelayedList
                0x0800527c       0xcc ./Middlewares/Third_Party/FreeRTOS/Source/tasks.o
 .text.pxPortInitialiseStack
                0x08005348       0x68 ./Middlewares/Third_Party/FreeRTOS/Source/portable/GCC/ARM_CM4F/port.o
                0x08005348                pxPortInitialiseStack
 .text.prvTaskExitError
                0x080053b0       0x5c ./Middlewares/Third_Party/FreeRTOS/Source/portable/GCC/ARM_CM4F/port.o
 *fill*         0x0800540c        0x4 
 .text.SVC_Handler
                0x08005410       0x28 ./Middlewares/Third_Party/FreeRTOS/Source/portable/GCC/ARM_CM4F/port.o
                0x08005410                SVC_Handler
 .text.prvPortStartFirstTask
                0x08005438       0x28 ./Middlewares/Third_Party/FreeRTOS/Source/portable/GCC/ARM_CM4F/port.o
 .text.xPortStartScheduler
                0x08005460      0x148 ./Middlewares/Third_Party/FreeRTOS/Source/portable/GCC/ARM_CM4F/port.o
                0x08005460                xPortStartScheduler
 .text.vPortEnterCritical
                0x080055a8       0x64 ./Middlewares/Third_Party/FreeRTOS/Source/portable/GCC/ARM_CM4F/port.o
                0x080055a8                vPortEnterCritical
 .text.vPortExitCritical
                0x0800560c       0x54 ./Middlewares/Third_Party/FreeRTOS/Source/portable/GCC/ARM_CM4F/port.o
                0x0800560c                vPortExitCritical
 .text.PendSV_Handler
                0x08005660       0x68 ./Middlewares/Third_Party/FreeRTOS/Source/portable/GCC/ARM_CM4F/port.o
                0x08005660                PendSV_Handler
 .text.xPortSysTickHandler
                0x080056c8       0x44 ./Middlewares/Third_Party/FreeRTOS/Source/portable/GCC/ARM_CM4F/port.o
                0x080056c8                xPortSysTickHandler
 .text.vPortSetupTimerInterrupt
                0x0800570c       0x48 ./Middlewares/Third_Party/FreeRTOS/Source/portable/GCC/ARM_CM4F/port.o
                0x0800570c                vPortSetupTimerInterrupt
 .text.vPortEnableVFP
                0x08005754       0x14 ./Middlewares/Third_Party/FreeRTOS/Source/portable/GCC/ARM_CM4F/port.o
 .text.vPortValidateInterruptPriority
                0x08005768       0x84 ./Middlewares/Third_Party/FreeRTOS/Source/portable/GCC/ARM_CM4F/port.o
                0x08005768                vPortValidateInterruptPriority
 .text.pvPortMalloc
                0x080057ec      0x19c ./Middlewares/Third_Party/FreeRTOS/Source/portable/MemMang/heap_4.o
                0x080057ec                pvPortMalloc
 .text.vPortFree
                0x08005988       0xc8 ./Middlewares/Third_Party/FreeRTOS/Source/portable/MemMang/heap_4.o
                0x08005988                vPortFree
 .text.prvHeapInit
                0x08005a50       0xc4 ./Middlewares/Third_Party/FreeRTOS/Source/portable/MemMang/heap_4.o
 .text.prvInsertBlockIntoFreeList
                0x08005b14       0xb4 ./Middlewares/Third_Party/FreeRTOS/Source/portable/MemMang/heap_4.o
 .text.snprintf
                0x08005bc8       0x68 E:/ST/STM32CubeIDE_1.16.0/STM32CubeIDE/plugins/com.st.stm32cube.ide.mcu.externaltools.gnu-tools-for-stm32.12.3.rel1.win32_1.0.200.202406191623/tools/bin/../lib/gcc/arm-none-eabi/12.3.1/../../../../arm-none-eabi/lib/thumb/v7e-m+fp/hard\libc_nano.a(libc_a-snprintf.o)
                0x08005bc8                sniprintf
                0x08005bc8                snprintf
 .text.memset   0x08005c30       0x10 E:/ST/STM32CubeIDE_1.16.0/STM32CubeIDE/plugins/com.st.stm32cube.ide.mcu.externaltools.gnu-tools-for-stm32.12.3.rel1.win32_1.0.200.202406191623/tools/bin/../lib/gcc/arm-none-eabi/12.3.1/../../../../arm-none-eabi/lib/thumb/v7e-m+fp/hard\libc_nano.a(libc_a-memset.o)
                0x08005c30                memset
 .text.__errno  0x08005c40        0xc E:/ST/STM32CubeIDE_1.16.0/STM32CubeIDE/plugins/com.st.stm32cube.ide.mcu.externaltools.gnu-tools-for-stm32.12.3.rel1.win32_1.0.200.202406191623/tools/bin/../lib/gcc/arm-none-eabi/12.3.1/../../../../arm-none-eabi/lib/thumb/v7e-m+fp/hard\libc_nano.a(libc_a-errno.o)
                0x08005c40                __errno
 .text.__libc_init_array
                0x08005c4c       0x48 E:/ST/STM32CubeIDE_1.16.0/STM32CubeIDE/plugins/com.st.stm32cube.ide.mcu.externaltools.gnu-tools-for-stm32.12.3.rel1.win32_1.0.200.202406191623/tools/bin/../lib/gcc/arm-none-eabi/12.3.1/../../../../arm-none-eabi/lib/thumb/v7e-m+fp/hard\libc_nano.a(libc_a-init.o)
                0x08005c4c                __libc_init_array
 .text.__retarget_lock_acquire_recursive
                0x08005c94        0x2 E:/ST/STM32CubeIDE_1.16.0/STM32CubeIDE/plugins/com.st.stm32cube.ide.mcu.externaltools.gnu-tools-for-stm32.12.3.rel1.win32_1.0.200.202406191623/tools/bin/../lib/gcc/arm-none-eabi/12.3.1/../../../../arm-none-eabi/lib/thumb/v7e-m+fp/hard\libc_nano.a(libc_a-lock.o)
                0x08005c94                __retarget_lock_acquire_recursive
 .text.__retarget_lock_release_recursive
                0x08005c96        0x2 E:/ST/STM32CubeIDE_1.16.0/STM32CubeIDE/plugins/com.st.stm32cube.ide.mcu.externaltools.gnu-tools-for-stm32.12.3.rel1.win32_1.0.200.202406191623/tools/bin/../lib/gcc/arm-none-eabi/12.3.1/../../../../arm-none-eabi/lib/thumb/v7e-m+fp/hard\libc_nano.a(libc_a-lock.o)
                0x08005c96                __retarget_lock_release_recursive
 .text.memcpy   0x08005c98       0x1c E:/ST/STM32CubeIDE_1.16.0/STM32CubeIDE/plugins/com.st.stm32cube.ide.mcu.externaltools.gnu-tools-for-stm32.12.3.rel1.win32_1.0.200.202406191623/tools/bin/../lib/gcc/arm-none-eabi/12.3.1/../../../../arm-none-eabi/lib/thumb/v7e-m+fp/hard\libc_nano.a(libc_a-memcpy-stub.o)
                0x08005c98                memcpy
 .text._free_r  0x08005cb4       0x94 E:/ST/STM32CubeIDE_1.16.0/STM32CubeIDE/plugins/com.st.stm32cube.ide.mcu.externaltools.gnu-tools-for-stm32.12.3.rel1.win32_1.0.200.202406191623/tools/bin/../lib/gcc/arm-none-eabi/12.3.1/../../../../arm-none-eabi/lib/thumb/v7e-m+fp/hard\libc_nano.a(libc_a-freer.o)
                0x08005cb4                _free_r
 .text.sbrk_aligned
                0x08005d48       0x44 E:/ST/STM32CubeIDE_1.16.0/STM32CubeIDE/plugins/com.st.stm32cube.ide.mcu.externaltools.gnu-tools-for-stm32.12.3.rel1.win32_1.0.200.202406191623/tools/bin/../lib/gcc/arm-none-eabi/12.3.1/../../../../arm-none-eabi/lib/thumb/v7e-m+fp/hard\libc_nano.a(libc_a-mallocr.o)
 .text._malloc_r
                0x08005d8c      0x100 E:/ST/STM32CubeIDE_1.16.0/STM32CubeIDE/plugins/com.st.stm32cube.ide.mcu.externaltools.gnu-tools-for-stm32.12.3.rel1.win32_1.0.200.202406191623/tools/bin/../lib/gcc/arm-none-eabi/12.3.1/../../../../arm-none-eabi/lib/thumb/v7e-m+fp/hard\libc_nano.a(libc_a-mallocr.o)
                0x08005d8c                _malloc_r
 .text.__malloc_lock
                0x08005e8c        0xc E:/ST/STM32CubeIDE_1.16.0/STM32CubeIDE/plugins/com.st.stm32cube.ide.mcu.externaltools.gnu-tools-for-stm32.12.3.rel1.win32_1.0.200.202406191623/tools/bin/../lib/gcc/arm-none-eabi/12.3.1/../../../../arm-none-eabi/lib/thumb/v7e-m+fp/hard\libc_nano.a(libc_a-mlock.o)
                0x08005e8c                __malloc_lock
 .text.__malloc_unlock
                0x08005e98        0xc E:/ST/STM32CubeIDE_1.16.0/STM32CubeIDE/plugins/com.st.stm32cube.ide.mcu.externaltools.gnu-tools-for-stm32.12.3.rel1.win32_1.0.200.202406191623/tools/bin/../lib/gcc/arm-none-eabi/12.3.1/../../../../arm-none-eabi/lib/thumb/v7e-m+fp/hard\libc_nano.a(libc_a-mlock.o)
                0x08005e98                __malloc_unlock
 .text.__ssputs_r
                0x08005ea4       0xb6 E:/ST/STM32CubeIDE_1.16.0/STM32CubeIDE/plugins/com.st.stm32cube.ide.mcu.externaltools.gnu-tools-for-stm32.12.3.rel1.win32_1.0.200.202406191623/tools/bin/../lib/gcc/arm-none-eabi/12.3.1/../../../../arm-none-eabi/lib/thumb/v7e-m+fp/hard\libc_nano.a(libc_a-nano-svfprintf.o)
                0x08005ea4                __ssputs_r
 *fill*         0x08005f5a        0x2 
 .text._svfprintf_r
                0x08005f5c      0x1f8 E:/ST/STM32CubeIDE_1.16.0/STM32CubeIDE/plugins/com.st.stm32cube.ide.mcu.externaltools.gnu-tools-for-stm32.12.3.rel1.win32_1.0.200.202406191623/tools/bin/../lib/gcc/arm-none-eabi/12.3.1/../../../../arm-none-eabi/lib/thumb/v7e-m+fp/hard\libc_nano.a(libc_a-nano-svfprintf.o)
                0x08005f5c                _svfiprintf_r
                0x08005f5c                _svfprintf_r
 .text._printf_common
                0x08006154       0xda E:/ST/STM32CubeIDE_1.16.0/STM32CubeIDE/plugins/com.st.stm32cube.ide.mcu.externaltools.gnu-tools-for-stm32.12.3.rel1.win32_1.0.200.202406191623/tools/bin/../lib/gcc/arm-none-eabi/12.3.1/../../../../arm-none-eabi/lib/thumb/v7e-m+fp/hard\libc_nano.a(libc_a-nano-vfprintf_i.o)
                0x08006154                _printf_common
 *fill*         0x0800622e        0x2 
 .text._printf_i
                0x08006230      0x240 E:/ST/STM32CubeIDE_1.16.0/STM32CubeIDE/plugins/com.st.stm32cube.ide.mcu.externaltools.gnu-tools-for-stm32.12.3.rel1.win32_1.0.200.202406191623/tools/bin/../lib/gcc/arm-none-eabi/12.3.1/../../../../arm-none-eabi/lib/thumb/v7e-m+fp/hard\libc_nano.a(libc_a-nano-vfprintf_i.o)
                0x08006230                _printf_i
 .text.memmove  0x08006470       0x34 E:/ST/STM32CubeIDE_1.16.0/STM32CubeIDE/plugins/com.st.stm32cube.ide.mcu.externaltools.gnu-tools-for-stm32.12.3.rel1.win32_1.0.200.202406191623/tools/bin/../lib/gcc/arm-none-eabi/12.3.1/../../../../arm-none-eabi/lib/thumb/v7e-m+fp/hard\libc_nano.a(libc_a-memmove.o)
                0x08006470                memmove
 .text._sbrk_r  0x080064a4       0x20 E:/ST/STM32CubeIDE_1.16.0/STM32CubeIDE/plugins/com.st.stm32cube.ide.mcu.externaltools.gnu-tools-for-stm32.12.3.rel1.win32_1.0.200.202406191623/tools/bin/../lib/gcc/arm-none-eabi/12.3.1/../../../../arm-none-eabi/lib/thumb/v7e-m+fp/hard\libc_nano.a(libc_a-sbrkr.o)
                0x080064a4                _sbrk_r
 .text._realloc_r
                0x080064c4       0x5c E:/ST/STM32CubeIDE_1.16.0/STM32CubeIDE/plugins/com.st.stm32cube.ide.mcu.externaltools.gnu-tools-for-stm32.12.3.rel1.win32_1.0.200.202406191623/tools/bin/../lib/gcc/arm-none-eabi/12.3.1/../../../../arm-none-eabi/lib/thumb/v7e-m+fp/hard\libc_nano.a(libc_a-reallocr.o)
                0x080064c4                _realloc_r
 .text._malloc_usable_size_r
                0x08006520       0x10 E:/ST/STM32CubeIDE_1.16.0/STM32CubeIDE/plugins/com.st.stm32cube.ide.mcu.externaltools.gnu-tools-for-stm32.12.3.rel1.win32_1.0.200.202406191623/tools/bin/../lib/gcc/arm-none-eabi/12.3.1/../../../../arm-none-eabi/lib/thumb/v7e-m+fp/hard\libc_nano.a(libc_a-msizer.o)
                0x08006520                _malloc_usable_size_r
 *(.glue_7)
 .glue_7        0x08006530        0x0 linker stubs
 *(.glue_7t)
 .glue_7t       0x08006530        0x0 linker stubs
 *(.eh_frame)
 .eh_frame      0x08006530        0x0 E:/ST/STM32CubeIDE_1.16.0/STM32CubeIDE/plugins/com.st.stm32cube.ide.mcu.externaltools.gnu-tools-for-stm32.12.3.rel1.win32_1.0.200.202406191623/tools/bin/../lib/gcc/arm-none-eabi/12.3.1/thumb/v7e-m+fp/hard/crtbegin.o
 *(.init)
 .init          0x08006530        0x4 E:/ST/STM32CubeIDE_1.16.0/STM32CubeIDE/plugins/com.st.stm32cube.ide.mcu.externaltools.gnu-tools-for-stm32.12.3.rel1.win32_1.0.200.202406191623/tools/bin/../lib/gcc/arm-none-eabi/12.3.1/thumb/v7e-m+fp/hard/crti.o
                0x08006530                _init
 .init          0x08006534        0x8 E:/ST/STM32CubeIDE_1.16.0/STM32CubeIDE/plugins/com.st.stm32cube.ide.mcu.externaltools.gnu-tools-for-stm32.12.3.rel1.win32_1.0.200.202406191623/tools/bin/../lib/gcc/arm-none-eabi/12.3.1/thumb/v7e-m+fp/hard/crtn.o
 *(.fini)
 .fini          0x0800653c        0x4 E:/ST/STM32CubeIDE_1.16.0/STM32CubeIDE/plugins/com.st.stm32cube.ide.mcu.externaltools.gnu-tools-for-stm32.12.3.rel1.win32_1.0.200.202406191623/tools/bin/../lib/gcc/arm-none-eabi/12.3.1/thumb/v7e-m+fp/hard/crti.o
                0x0800653c                _fini
 .fini          0x08006540        0x8 E:/ST/STM32CubeIDE_1.16.0/STM32CubeIDE/plugins/com.st.stm32cube.ide.mcu.externaltools.gnu-tools-for-stm32.12.3.rel1.win32_1.0.200.202406191623/tools/bin/../lib/gcc/arm-none-eabi/12.3.1/thumb/v7e-m+fp/hard/crtn.o
                0x08006548                        . = ALIGN (0x4)
                0x08006548                        _etext = .

.vfp11_veneer   0x08006548        0x0
 .vfp11_veneer  0x08006548        0x0 linker stubs

.v4_bx          0x08006548        0x0
 .v4_bx         0x08006548        0x0 linker stubs

.iplt           0x08006548        0x0
 .iplt          0x08006548        0x0 E:/ST/STM32CubeIDE_1.16.0/STM32CubeIDE/plugins/com.st.stm32cube.ide.mcu.externaltools.gnu-tools-for-stm32.12.3.rel1.win32_1.0.200.202406191623/tools/bin/../lib/gcc/arm-none-eabi/12.3.1/thumb/v7e-m+fp/hard/crtbegin.o

.rodata         0x08006548       0x70
                0x08006548                        . = ALIGN (0x4)
 *(.rodata)
 .rodata        0x08006548       0x1c ./Core/Src/main.o
 .rodata        0x08006564        0x5 ./Middlewares/Third_Party/FreeRTOS/Source/tasks.o
 *(.rodata*)
 *fill*         0x08006569        0x3 
 .rodata.AHBPrescTable
                0x0800656c       0x10 ./Core/Src/system_stm32f4xx.o
                0x0800656c                AHBPrescTable
 .rodata.APBPrescTable
                0x0800657c        0x8 ./Core/Src/system_stm32f4xx.o
                0x0800657c                APBPrescTable
 .rodata._svfprintf_r.str1.1
                0x08006584       0x11 E:/ST/STM32CubeIDE_1.16.0/STM32CubeIDE/plugins/com.st.stm32cube.ide.mcu.externaltools.gnu-tools-for-stm32.12.3.rel1.win32_1.0.200.202406191623/tools/bin/../lib/gcc/arm-none-eabi/12.3.1/../../../../arm-none-eabi/lib/thumb/v7e-m+fp/hard\libc_nano.a(libc_a-nano-svfprintf.o)
 .rodata._printf_i.str1.1
                0x08006595       0x22 E:/ST/STM32CubeIDE_1.16.0/STM32CubeIDE/plugins/com.st.stm32cube.ide.mcu.externaltools.gnu-tools-for-stm32.12.3.rel1.win32_1.0.200.202406191623/tools/bin/../lib/gcc/arm-none-eabi/12.3.1/../../../../arm-none-eabi/lib/thumb/v7e-m+fp/hard\libc_nano.a(libc_a-nano-vfprintf_i.o)
                0x080065b8                        . = ALIGN (0x4)
 *fill*         0x080065b7        0x1 

.ARM.extab      0x080065b8        0x0
                0x080065b8                        . = ALIGN (0x4)
 *(.ARM.extab* .gnu.linkonce.armextab.*)
                0x080065b8                        . = ALIGN (0x4)

.ARM            0x080065b8        0x8
                0x080065b8                        . = ALIGN (0x4)
                0x080065b8                        __exidx_start = .
 *(.ARM.exidx*)
 .ARM.exidx     0x080065b8        0x8 E:/ST/STM32CubeIDE_1.16.0/STM32CubeIDE/plugins/com.st.stm32cube.ide.mcu.externaltools.gnu-tools-for-stm32.12.3.rel1.win32_1.0.200.202406191623/tools/bin/../lib/gcc/arm-none-eabi/12.3.1/../../../../arm-none-eabi/lib/thumb/v7e-m+fp/hard\libc_nano.a(libc_a-strlen.o)
 .ARM.exidx     0x080065c0        0x0 E:/ST/STM32CubeIDE_1.16.0/STM32CubeIDE/plugins/com.st.stm32cube.ide.mcu.externaltools.gnu-tools-for-stm32.12.3.rel1.win32_1.0.200.202406191623/tools/bin/../lib/gcc/arm-none-eabi/12.3.1/../../../../arm-none-eabi/lib/thumb/v7e-m+fp/hard\libc_nano.a(libc_a-memchr.o)
                                  0x8 (size before relaxing)
 .ARM.exidx     0x080065c0        0x0 E:/ST/STM32CubeIDE_1.16.0/STM32CubeIDE/plugins/com.st.stm32cube.ide.mcu.externaltools.gnu-tools-for-stm32.12.3.rel1.win32_1.0.200.202406191623/tools/bin/../lib/gcc/arm-none-eabi/12.3.1/thumb/v7e-m+fp/hard\libgcc.a(_udivmoddi4.o)
                                  0x8 (size before relaxing)
                0x080065c0                        __exidx_end = .
                0x080065c0                        . = ALIGN (0x4)

.preinit_array  0x080065c0        0x0
                0x080065c0                        . = ALIGN (0x4)
                0x080065c0                        PROVIDE (__preinit_array_start = .)
 *(.preinit_array*)
                0x080065c0                        PROVIDE (__preinit_array_end = .)
                0x080065c0                        . = ALIGN (0x4)

.init_array     0x080065c0        0x4
                0x080065c0                        . = ALIGN (0x4)
                0x080065c0                        PROVIDE (__init_array_start = .)
 *(SORT_BY_NAME(.init_array.*))
 *(.init_array*)
 .init_array    0x080065c0        0x4 E:/ST/STM32CubeIDE_1.16.0/STM32CubeIDE/plugins/com.st.stm32cube.ide.mcu.externaltools.gnu-tools-for-stm32.12.3.rel1.win32_1.0.200.202406191623/tools/bin/../lib/gcc/arm-none-eabi/12.3.1/thumb/v7e-m+fp/hard/crtbegin.o
                0x080065c4                        PROVIDE (__init_array_end = .)
                0x080065c4                        . = ALIGN (0x4)

.fini_array     0x080065c4        0x4
                0x080065c4                        . = ALIGN (0x4)
                [!provide]                        PROVIDE (__fini_array_start = .)
 *(SORT_BY_NAME(.fini_array.*))
 *(.fini_array*)
 .fini_array    0x080065c4        0x4 E:/ST/STM32CubeIDE_1.16.0/STM32CubeIDE/plugins/com.st.stm32cube.ide.mcu.externaltools.gnu-tools-for-stm32.12.3.rel1.win32_1.0.200.202406191623/tools/bin/../lib/gcc/arm-none-eabi/12.3.1/thumb/v7e-m+fp/hard/crtbegin.o
                [!provide]                        PROVIDE (__fini_array_end = .)
                0x080065c8                        . = ALIGN (0x4)
                0x080065c8                        _sidata = LOADADDR (.data)

.rel.dyn        0x080065c8        0x0
 .rel.iplt      0x080065c8        0x0 E:/ST/STM32CubeIDE_1.16.0/STM32CubeIDE/plugins/com.st.stm32cube.ide.mcu.externaltools.gnu-tools-for-stm32.12.3.rel1.win32_1.0.200.202406191623/tools/bin/../lib/gcc/arm-none-eabi/12.3.1/thumb/v7e-m+fp/hard/crtbegin.o

.data           0x20000000       0x60 load address 0x080065c8
                0x20000000                        . = ALIGN (0x4)
                0x20000000                        _sdata = .
 *(.data)
 *(.data*)
 .data.SystemCoreClock
                0x20000000        0x4 ./Core/Src/system_stm32f4xx.o
                0x20000000                SystemCoreClock
 .data.uwTickPrio
                0x20000004        0x4 ./Drivers/STM32F4xx_HAL_Driver/Src/stm32f4xx_hal.o
                0x20000004                uwTickPrio
 .data.uwTickFreq
                0x20000008        0x1 ./Drivers/STM32F4xx_HAL_Driver/Src/stm32f4xx_hal.o
                0x20000008                uwTickFreq
 *fill*         0x20000009        0x3 
 .data.uxCriticalNesting
                0x2000000c        0x4 ./Middlewares/Third_Party/FreeRTOS/Source/portable/GCC/ARM_CM4F/port.o
 .data._impure_ptr
                0x20000010        0x4 E:/ST/STM32CubeIDE_1.16.0/STM32CubeIDE/plugins/com.st.stm32cube.ide.mcu.externaltools.gnu-tools-for-stm32.12.3.rel1.win32_1.0.200.202406191623/tools/bin/../lib/gcc/arm-none-eabi/12.3.1/../../../../arm-none-eabi/lib/thumb/v7e-m+fp/hard\libc_nano.a(libc_a-impure.o)
                0x20000010                _impure_ptr
 .data._impure_data
                0x20000014       0x4c E:/ST/STM32CubeIDE_1.16.0/STM32CubeIDE/plugins/com.st.stm32cube.ide.mcu.externaltools.gnu-tools-for-stm32.12.3.rel1.win32_1.0.200.202406191623/tools/bin/../lib/gcc/arm-none-eabi/12.3.1/../../../../arm-none-eabi/lib/thumb/v7e-m+fp/hard\libc_nano.a(libc_a-impure.o)
                0x20000014                _impure_data
 *(.RamFunc)
 *(.RamFunc*)
                0x20000060                        . = ALIGN (0x4)
                0x20000060                        _edata = .

.igot.plt       0x20000060        0x0 load address 0x08006628
 .igot.plt      0x20000060        0x0 E:/ST/STM32CubeIDE_1.16.0/STM32CubeIDE/plugins/com.st.stm32cube.ide.mcu.externaltools.gnu-tools-for-stm32.12.3.rel1.win32_1.0.200.202406191623/tools/bin/../lib/gcc/arm-none-eabi/12.3.1/thumb/v7e-m+fp/hard/crtbegin.o
                0x20000060                        . = ALIGN (0x4)

.bss            0x20000060     0x41d0 load address 0x08006628
                0x20000060                        _sbss = .
                0x20000060                        __bss_start__ = _sbss
 *(.bss)
 .bss           0x20000060       0x1c E:/ST/STM32CubeIDE_1.16.0/STM32CubeIDE/plugins/com.st.stm32cube.ide.mcu.externaltools.gnu-tools-for-stm32.12.3.rel1.win32_1.0.200.202406191623/tools/bin/../lib/gcc/arm-none-eabi/12.3.1/thumb/v7e-m+fp/hard/crtbegin.o
 *(.bss*)
 .bss.xIdleTaskTCBBuffer
                0x2000007c       0x54 ./Core/Src/freertos.o
 .bss.xIdleStack
                0x200000d0      0x200 ./Core/Src/freertos.o
 .bss.htim2     0x200002d0       0x48 ./Core/Src/main.o
                0x200002d0                htim2
 .bss.huart2    0x20000318       0x48 ./Core/Src/main.o
                0x20000318                huart2
 .bss.icVal1    0x20000360        0x4 ./Core/Src/main.o
                0x20000360                icVal1
 .bss.icVal2    0x20000364        0x4 ./Core/Src/main.o
                0x20000364                icVal2
 .bss.isFirstCaptured
                0x20000368        0x1 ./Core/Src/main.o
                0x20000368                isFirstCaptured
 *fill*         0x20000369        0x3 
 .bss.distance  0x2000036c        0x4 ./Core/Src/main.o
                0x2000036c                distance
 .bss.buffer    0x20000370       0x16 ./Core/Src/main.o
                0x20000370                buffer
 *fill*         0x20000386        0x2 
 .bss.ProcessTrigger_handle
                0x20000388        0x4 ./Core/Src/main.o
                0x20000388                ProcessTrigger_handle
 .bss.__sbrk_heap_end
                0x2000038c        0x4 ./Core/Src/sysmem.o
 .bss.uwTick    0x20000390        0x4 ./Drivers/STM32F4xx_HAL_Driver/Src/stm32f4xx_hal.o
                0x20000390                uwTick
 .bss.pxCurrentTCB
                0x20000394        0x4 ./Middlewares/Third_Party/FreeRTOS/Source/tasks.o
                0x20000394                pxCurrentTCB
 .bss.pxReadyTasksLists
                0x20000398       0x8c ./Middlewares/Third_Party/FreeRTOS/Source/tasks.o
 .bss.xDelayedTaskList1
                0x20000424       0x14 ./Middlewares/Third_Party/FreeRTOS/Source/tasks.o
 .bss.xDelayedTaskList2
                0x20000438       0x14 ./Middlewares/Third_Party/FreeRTOS/Source/tasks.o
 .bss.pxDelayedTaskList
                0x2000044c        0x4 ./Middlewares/Third_Party/FreeRTOS/Source/tasks.o
 .bss.pxOverflowDelayedTaskList
                0x20000450        0x4 ./Middlewares/Third_Party/FreeRTOS/Source/tasks.o
 .bss.xPendingReadyList
                0x20000454       0x14 ./Middlewares/Third_Party/FreeRTOS/Source/tasks.o
 .bss.xTasksWaitingTermination
                0x20000468       0x14 ./Middlewares/Third_Party/FreeRTOS/Source/tasks.o
 .bss.uxDeletedTasksWaitingCleanUp
                0x2000047c        0x4 ./Middlewares/Third_Party/FreeRTOS/Source/tasks.o
 .bss.xSuspendedTaskList
                0x20000480       0x14 ./Middlewares/Third_Party/FreeRTOS/Source/tasks.o
 .bss.uxCurrentNumberOfTasks
                0x20000494        0x4 ./Middlewares/Third_Party/FreeRTOS/Source/tasks.o
 .bss.xTickCount
                0x20000498        0x4 ./Middlewares/Third_Party/FreeRTOS/Source/tasks.o
 .bss.uxTopReadyPriority
                0x2000049c        0x4 ./Middlewares/Third_Party/FreeRTOS/Source/tasks.o
 .bss.xSchedulerRunning
                0x200004a0        0x4 ./Middlewares/Third_Party/FreeRTOS/Source/tasks.o
 .bss.xPendedTicks
                0x200004a4        0x4 ./Middlewares/Third_Party/FreeRTOS/Source/tasks.o
 .bss.xYieldPending
                0x200004a8        0x4 ./Middlewares/Third_Party/FreeRTOS/Source/tasks.o
 .bss.xNumOfOverflows
                0x200004ac        0x4 ./Middlewares/Third_Party/FreeRTOS/Source/tasks.o
 .bss.uxTaskNumber
                0x200004b0        0x4 ./Middlewares/Third_Party/FreeRTOS/Source/tasks.o
 .bss.xNextTaskUnblockTime
                0x200004b4        0x4 ./Middlewares/Third_Party/FreeRTOS/Source/tasks.o
 .bss.xIdleTaskHandle
                0x200004b8        0x4 ./Middlewares/Third_Party/FreeRTOS/Source/tasks.o
 .bss.uxSchedulerSuspended
                0x200004bc        0x4 ./Middlewares/Third_Party/FreeRTOS/Source/tasks.o
 .bss.ucMaxSysCallPriority
                0x200004c0        0x1 ./Middlewares/Third_Party/FreeRTOS/Source/portable/GCC/ARM_CM4F/port.o
 *fill*         0x200004c1        0x3 
 .bss.ulMaxPRIGROUPValue
                0x200004c4        0x4 ./Middlewares/Third_Party/FreeRTOS/Source/portable/GCC/ARM_CM4F/port.o
 .bss.ucHeap    0x200004c8     0x3c00 ./Middlewares/Third_Party/FreeRTOS/Source/portable/MemMang/heap_4.o
 .bss.xStart    0x200040c8        0x8 ./Middlewares/Third_Party/FreeRTOS/Source/portable/MemMang/heap_4.o
 .bss.pxEnd     0x200040d0        0x4 ./Middlewares/Third_Party/FreeRTOS/Source/portable/MemMang/heap_4.o
 .bss.xFreeBytesRemaining
                0x200040d4        0x4 ./Middlewares/Third_Party/FreeRTOS/Source/portable/MemMang/heap_4.o
 .bss.xMinimumEverFreeBytesRemaining
                0x200040d8        0x4 ./Middlewares/Third_Party/FreeRTOS/Source/portable/MemMang/heap_4.o
 .bss.xNumberOfSuccessfulAllocations
                0x200040dc        0x4 ./Middlewares/Third_Party/FreeRTOS/Source/portable/MemMang/heap_4.o
 .bss.xNumberOfSuccessfulFrees
                0x200040e0        0x4 ./Middlewares/Third_Party/FreeRTOS/Source/portable/MemMang/heap_4.o
 .bss.xBlockAllocatedBit
                0x200040e4        0x4 ./Middlewares/Third_Party/FreeRTOS/Source/portable/MemMang/heap_4.o
 .bss.__sf      0x200040e8      0x138 E:/ST/STM32CubeIDE_1.16.0/STM32CubeIDE/plugins/com.st.stm32cube.ide.mcu.externaltools.gnu-tools-for-stm32.12.3.rel1.win32_1.0.200.202406191623/tools/bin/../lib/gcc/arm-none-eabi/12.3.1/../../../../arm-none-eabi/lib/thumb/v7e-m+fp/hard\libc_nano.a(libc_a-findfp.o)
                0x200040e8                __sf
 .bss.errno     0x20004220        0x4 E:/ST/STM32CubeIDE_1.16.0/STM32CubeIDE/plugins/com.st.stm32cube.ide.mcu.externaltools.gnu-tools-for-stm32.12.3.rel1.win32_1.0.200.202406191623/tools/bin/../lib/gcc/arm-none-eabi/12.3.1/../../../../arm-none-eabi/lib/thumb/v7e-m+fp/hard\libc_nano.a(libc_a-reent.o)
                0x20004220                errno
 .bss.__lock___malloc_recursive_mutex
                0x20004224        0x1 E:/ST/STM32CubeIDE_1.16.0/STM32CubeIDE/plugins/com.st.stm32cube.ide.mcu.externaltools.gnu-tools-for-stm32.12.3.rel1.win32_1.0.200.202406191623/tools/bin/../lib/gcc/arm-none-eabi/12.3.1/../../../../arm-none-eabi/lib/thumb/v7e-m+fp/hard\libc_nano.a(libc_a-lock.o)
                0x20004224                __lock___malloc_recursive_mutex
 *fill*         0x20004225        0x3 
 .bss.__malloc_sbrk_start
                0x20004228        0x4 E:/ST/STM32CubeIDE_1.16.0/STM32CubeIDE/plugins/com.st.stm32cube.ide.mcu.externaltools.gnu-tools-for-stm32.12.3.rel1.win32_1.0.200.202406191623/tools/bin/../lib/gcc/arm-none-eabi/12.3.1/../../../../arm-none-eabi/lib/thumb/v7e-m+fp/hard\libc_nano.a(libc_a-mallocr.o)
                0x20004228                __malloc_sbrk_start
 .bss.__malloc_free_list
                0x2000422c        0x4 E:/ST/STM32CubeIDE_1.16.0/STM32CubeIDE/plugins/com.st.stm32cube.ide.mcu.externaltools.gnu-tools-for-stm32.12.3.rel1.win32_1.0.200.202406191623/tools/bin/../lib/gcc/arm-none-eabi/12.3.1/../../../../arm-none-eabi/lib/thumb/v7e-m+fp/hard\libc_nano.a(libc_a-mallocr.o)
                0x2000422c                __malloc_free_list
 *(COMMON)
                0x20004230                        . = ALIGN (0x4)
                0x20004230                        _ebss = .
                0x20004230                        __bss_end__ = _ebss

._user_heap_stack
                0x20004230      0x600 load address 0x08006628
                0x20004230                        . = ALIGN (0x8)
                [!provide]                        PROVIDE (end = .)
                0x20004230                        PROVIDE (_end = .)
                0x20004430                        . = (. + _Min_Heap_Size)
 *fill*         0x20004230      0x200 
                0x20004830                        . = (. + _Min_Stack_Size)
 *fill*         0x20004430      0x400 
                0x20004830                        . = ALIGN (0x8)

/DISCARD/
 libc.a(*)
 libm.a(*)
 libgcc.a(*)

.ARM.attributes
                0x00000000       0x30
 *(.ARM.attributes)
 .ARM.attributes
                0x00000000       0x22 E:/ST/STM32CubeIDE_1.16.0/STM32CubeIDE/plugins/com.st.stm32cube.ide.mcu.externaltools.gnu-tools-for-stm32.12.3.rel1.win32_1.0.200.202406191623/tools/bin/../lib/gcc/arm-none-eabi/12.3.1/thumb/v7e-m+fp/hard/crti.o
 .ARM.attributes
                0x00000022       0x34 E:/ST/STM32CubeIDE_1.16.0/STM32CubeIDE/plugins/com.st.stm32cube.ide.mcu.externaltools.gnu-tools-for-stm32.12.3.rel1.win32_1.0.200.202406191623/tools/bin/../lib/gcc/arm-none-eabi/12.3.1/thumb/v7e-m+fp/hard/crtbegin.o
 .ARM.attributes
                0x00000056       0x34 ./Core/Src/freertos.o
 .ARM.attributes
                0x0000008a       0x34 ./Core/Src/main.o
 .ARM.attributes
                0x000000be       0x34 ./Core/Src/stm32f4xx_hal_msp.o
 .ARM.attributes
                0x000000f2       0x34 ./Core/Src/stm32f4xx_it.o
 .ARM.attributes
                0x00000126       0x34 ./Core/Src/sysmem.o
 .ARM.attributes
                0x0000015a       0x34 ./Core/Src/system_stm32f4xx.o
 .ARM.attributes
                0x0000018e       0x21 ./Core/Startup/startup_stm32f446retx.o
 .ARM.attributes
                0x000001af       0x34 ./Drivers/STM32F4xx_HAL_Driver/Src/stm32f4xx_hal.o
 .ARM.attributes
                0x000001e3       0x34 ./Drivers/STM32F4xx_HAL_Driver/Src/stm32f4xx_hal_cortex.o
 .ARM.attributes
                0x00000217       0x34 ./Drivers/STM32F4xx_HAL_Driver/Src/stm32f4xx_hal_dma.o
 .ARM.attributes
                0x0000024b       0x34 ./Drivers/STM32F4xx_HAL_Driver/Src/stm32f4xx_hal_gpio.o
 .ARM.attributes
                0x0000027f       0x34 ./Drivers/STM32F4xx_HAL_Driver/Src/stm32f4xx_hal_rcc.o
 .ARM.attributes
                0x000002b3       0x34 ./Drivers/STM32F4xx_HAL_Driver/Src/stm32f4xx_hal_rcc_ex.o
 .ARM.attributes
                0x000002e7       0x34 ./Drivers/STM32F4xx_HAL_Driver/Src/stm32f4xx_hal_tim.o
 .ARM.attributes
                0x0000031b       0x34 ./Drivers/STM32F4xx_HAL_Driver/Src/stm32f4xx_hal_tim_ex.o
 .ARM.attributes
                0x0000034f       0x34 ./Drivers/STM32F4xx_HAL_Driver/Src/stm32f4xx_hal_uart.o
 .ARM.attributes
                0x00000383       0x34 ./Middlewares/Third_Party/FreeRTOS/Source/list.o
 .ARM.attributes
                0x000003b7       0x34 ./Middlewares/Third_Party/FreeRTOS/Source/tasks.o
 .ARM.attributes
                0x000003eb       0x34 ./Middlewares/Third_Party/FreeRTOS/Source/portable/GCC/ARM_CM4F/port.o
 .ARM.attributes
                0x0000041f       0x34 ./Middlewares/Third_Party/FreeRTOS/Source/portable/MemMang/heap_4.o
 .ARM.attributes
                0x00000453       0x34 E:/ST/STM32CubeIDE_1.16.0/STM32CubeIDE/plugins/com.st.stm32cube.ide.mcu.externaltools.gnu-tools-for-stm32.12.3.rel1.win32_1.0.200.202406191623/tools/bin/../lib/gcc/arm-none-eabi/12.3.1/../../../../arm-none-eabi/lib/thumb/v7e-m+fp/hard\libc_nano.a(libc_a-findfp.o)
 .ARM.attributes
                0x00000487       0x34 E:/ST/STM32CubeIDE_1.16.0/STM32CubeIDE/plugins/com.st.stm32cube.ide.mcu.externaltools.gnu-tools-for-stm32.12.3.rel1.win32_1.0.200.202406191623/tools/bin/../lib/gcc/arm-none-eabi/12.3.1/../../../../arm-none-eabi/lib/thumb/v7e-m+fp/hard\libc_nano.a(libc_a-snprintf.o)
 .ARM.attributes
                0x000004bb       0x34 E:/ST/STM32CubeIDE_1.16.0/STM32CubeIDE/plugins/com.st.stm32cube.ide.mcu.externaltools.gnu-tools-for-stm32.12.3.rel1.win32_1.0.200.202406191623/tools/bin/../lib/gcc/arm-none-eabi/12.3.1/../../../../arm-none-eabi/lib/thumb/v7e-m+fp/hard\libc_nano.a(libc_a-memset.o)
 .ARM.attributes
                0x000004ef       0x34 E:/ST/STM32CubeIDE_1.16.0/STM32CubeIDE/plugins/com.st.stm32cube.ide.mcu.externaltools.gnu-tools-for-stm32.12.3.rel1.win32_1.0.200.202406191623/tools/bin/../lib/gcc/arm-none-eabi/12.3.1/../../../../arm-none-eabi/lib/thumb/v7e-m+fp/hard\libc_nano.a(libc_a-reent.o)
 .ARM.attributes
                0x00000523       0x34 E:/ST/STM32CubeIDE_1.16.0/STM32CubeIDE/plugins/com.st.stm32cube.ide.mcu.externaltools.gnu-tools-for-stm32.12.3.rel1.win32_1.0.200.202406191623/tools/bin/../lib/gcc/arm-none-eabi/12.3.1/../../../../arm-none-eabi/lib/thumb/v7e-m+fp/hard\libc_nano.a(libc_a-impure.o)
 .ARM.attributes
                0x00000557       0x34 E:/ST/STM32CubeIDE_1.16.0/STM32CubeIDE/plugins/com.st.stm32cube.ide.mcu.externaltools.gnu-tools-for-stm32.12.3.rel1.win32_1.0.200.202406191623/tools/bin/../lib/gcc/arm-none-eabi/12.3.1/../../../../arm-none-eabi/lib/thumb/v7e-m+fp/hard\libc_nano.a(libc_a-errno.o)
 .ARM.attributes
                0x0000058b       0x34 E:/ST/STM32CubeIDE_1.16.0/STM32CubeIDE/plugins/com.st.stm32cube.ide.mcu.externaltools.gnu-tools-for-stm32.12.3.rel1.win32_1.0.200.202406191623/tools/bin/../lib/gcc/arm-none-eabi/12.3.1/../../../../arm-none-eabi/lib/thumb/v7e-m+fp/hard\libc_nano.a(libc_a-init.o)
 .ARM.attributes
                0x000005bf       0x34 E:/ST/STM32CubeIDE_1.16.0/STM32CubeIDE/plugins/com.st.stm32cube.ide.mcu.externaltools.gnu-tools-for-stm32.12.3.rel1.win32_1.0.200.202406191623/tools/bin/../lib/gcc/arm-none-eabi/12.3.1/../../../../arm-none-eabi/lib/thumb/v7e-m+fp/hard\libc_nano.a(libc_a-lock.o)
 .ARM.attributes
                0x000005f3       0x34 E:/ST/STM32CubeIDE_1.16.0/STM32CubeIDE/plugins/com.st.stm32cube.ide.mcu.externaltools.gnu-tools-for-stm32.12.3.rel1.win32_1.0.200.202406191623/tools/bin/../lib/gcc/arm-none-eabi/12.3.1/../../../../arm-none-eabi/lib/thumb/v7e-m+fp/hard\libc_nano.a(libc_a-memcpy-stub.o)
 .ARM.attributes
                0x00000627       0x17 E:/ST/STM32CubeIDE_1.16.0/STM32CubeIDE/plugins/com.st.stm32cube.ide.mcu.externaltools.gnu-tools-for-stm32.12.3.rel1.win32_1.0.200.202406191623/tools/bin/../lib/gcc/arm-none-eabi/12.3.1/../../../../arm-none-eabi/lib/thumb/v7e-m+fp/hard\libc_nano.a(libc_a-strlen.o)
 .ARM.attributes
                0x0000063e       0x34 E:/ST/STM32CubeIDE_1.16.0/STM32CubeIDE/plugins/com.st.stm32cube.ide.mcu.externaltools.gnu-tools-for-stm32.12.3.rel1.win32_1.0.200.202406191623/tools/bin/../lib/gcc/arm-none-eabi/12.3.1/../../../../arm-none-eabi/lib/thumb/v7e-m+fp/hard\libc_nano.a(libc_a-freer.o)
 .ARM.attributes
                0x00000672       0x34 E:/ST/STM32CubeIDE_1.16.0/STM32CubeIDE/plugins/com.st.stm32cube.ide.mcu.externaltools.gnu-tools-for-stm32.12.3.rel1.win32_1.0.200.202406191623/tools/bin/../lib/gcc/arm-none-eabi/12.3.1/../../../../arm-none-eabi/lib/thumb/v7e-m+fp/hard\libc_nano.a(libc_a-mallocr.o)
 .ARM.attributes
                0x000006a6       0x34 E:/ST/STM32CubeIDE_1.16.0/STM32CubeIDE/plugins/com.st.stm32cube.ide.mcu.externaltools.gnu-tools-for-stm32.12.3.rel1.win32_1.0.200.202406191623/tools/bin/../lib/gcc/arm-none-eabi/12.3.1/../../../../arm-none-eabi/lib/thumb/v7e-m+fp/hard\libc_nano.a(libc_a-mlock.o)
 .ARM.attributes
                0x000006da       0x34 E:/ST/STM32CubeIDE_1.16.0/STM32CubeIDE/plugins/com.st.stm32cube.ide.mcu.externaltools.gnu-tools-for-stm32.12.3.rel1.win32_1.0.200.202406191623/tools/bin/../lib/gcc/arm-none-eabi/12.3.1/../../../../arm-none-eabi/lib/thumb/v7e-m+fp/hard\libc_nano.a(libc_a-nano-svfprintf.o)
 .ARM.attributes
                0x0000070e       0x34 E:/ST/STM32CubeIDE_1.16.0/STM32CubeIDE/plugins/com.st.stm32cube.ide.mcu.externaltools.gnu-tools-for-stm32.12.3.rel1.win32_1.0.200.202406191623/tools/bin/../lib/gcc/arm-none-eabi/12.3.1/../../../../arm-none-eabi/lib/thumb/v7e-m+fp/hard\libc_nano.a(libc_a-nano-vfprintf_i.o)
 .ARM.attributes
                0x00000742       0x34 E:/ST/STM32CubeIDE_1.16.0/STM32CubeIDE/plugins/com.st.stm32cube.ide.mcu.externaltools.gnu-tools-for-stm32.12.3.rel1.win32_1.0.200.202406191623/tools/bin/../lib/gcc/arm-none-eabi/12.3.1/../../../../arm-none-eabi/lib/thumb/v7e-m+fp/hard\libc_nano.a(libc_a-memmove.o)
 .ARM.attributes
                0x00000776       0x34 E:/ST/STM32CubeIDE_1.16.0/STM32CubeIDE/plugins/com.st.stm32cube.ide.mcu.externaltools.gnu-tools-for-stm32.12.3.rel1.win32_1.0.200.202406191623/tools/bin/../lib/gcc/arm-none-eabi/12.3.1/../../../../arm-none-eabi/lib/thumb/v7e-m+fp/hard\libc_nano.a(libc_a-sbrkr.o)
 .ARM.attributes
                0x000007aa       0x1c E:/ST/STM32CubeIDE_1.16.0/STM32CubeIDE/plugins/com.st.stm32cube.ide.mcu.externaltools.gnu-tools-for-stm32.12.3.rel1.win32_1.0.200.202406191623/tools/bin/../lib/gcc/arm-none-eabi/12.3.1/../../../../arm-none-eabi/lib/thumb/v7e-m+fp/hard\libc_nano.a(libc_a-memchr.o)
 .ARM.attributes
                0x000007c6       0x34 E:/ST/STM32CubeIDE_1.16.0/STM32CubeIDE/plugins/com.st.stm32cube.ide.mcu.externaltools.gnu-tools-for-stm32.12.3.rel1.win32_1.0.200.202406191623/tools/bin/../lib/gcc/arm-none-eabi/12.3.1/../../../../arm-none-eabi/lib/thumb/v7e-m+fp/hard\libc_nano.a(libc_a-reallocr.o)
 .ARM.attributes
                0x000007fa       0x34 E:/ST/STM32CubeIDE_1.16.0/STM32CubeIDE/plugins/com.st.stm32cube.ide.mcu.externaltools.gnu-tools-for-stm32.12.3.rel1.win32_1.0.200.202406191623/tools/bin/../lib/gcc/arm-none-eabi/12.3.1/../../../../arm-none-eabi/lib/thumb/v7e-m+fp/hard\libc_nano.a(libc_a-msizer.o)
 .ARM.attributes
                0x0000082e       0x22 E:/ST/STM32CubeIDE_1.16.0/STM32CubeIDE/plugins/com.st.stm32cube.ide.mcu.externaltools.gnu-tools-for-stm32.12.3.rel1.win32_1.0.200.202406191623/tools/bin/../lib/gcc/arm-none-eabi/12.3.1/thumb/v7e-m+fp/hard\libgcc.a(_arm_addsubdf3.o)
 .ARM.attributes
                0x00000850       0x22 E:/ST/STM32CubeIDE_1.16.0/STM32CubeIDE/plugins/com.st.stm32cube.ide.mcu.externaltools.gnu-tools-for-stm32.12.3.rel1.win32_1.0.200.202406191623/tools/bin/../lib/gcc/arm-none-eabi/12.3.1/thumb/v7e-m+fp/hard\libgcc.a(_arm_muldivdf3.o)
 .ARM.attributes
                0x00000872       0x22 E:/ST/STM32CubeIDE_1.16.0/STM32CubeIDE/plugins/com.st.stm32cube.ide.mcu.externaltools.gnu-tools-for-stm32.12.3.rel1.win32_1.0.200.202406191623/tools/bin/../lib/gcc/arm-none-eabi/12.3.1/thumb/v7e-m+fp/hard\libgcc.a(_arm_fixdfsi.o)
 .ARM.attributes
                0x00000894       0x22 E:/ST/STM32CubeIDE_1.16.0/STM32CubeIDE/plugins/com.st.stm32cube.ide.mcu.externaltools.gnu-tools-for-stm32.12.3.rel1.win32_1.0.200.202406191623/tools/bin/../lib/gcc/arm-none-eabi/12.3.1/thumb/v7e-m+fp/hard\libgcc.a(_aeabi_uldivmod.o)
 .ARM.attributes
                0x000008b6       0x34 E:/ST/STM32CubeIDE_1.16.0/STM32CubeIDE/plugins/com.st.stm32cube.ide.mcu.externaltools.gnu-tools-for-stm32.12.3.rel1.win32_1.0.200.202406191623/tools/bin/../lib/gcc/arm-none-eabi/12.3.1/thumb/v7e-m+fp/hard\libgcc.a(_udivmoddi4.o)
 .ARM.attributes
                0x000008ea       0x22 E:/ST/STM32CubeIDE_1.16.0/STM32CubeIDE/plugins/com.st.stm32cube.ide.mcu.externaltools.gnu-tools-for-stm32.12.3.rel1.win32_1.0.200.202406191623/tools/bin/../lib/gcc/arm-none-eabi/12.3.1/thumb/v7e-m+fp/hard\libgcc.a(_dvmd_tls.o)
 .ARM.attributes
                0x0000090c       0x22 E:/ST/STM32CubeIDE_1.16.0/STM32CubeIDE/plugins/com.st.stm32cube.ide.mcu.externaltools.gnu-tools-for-stm32.12.3.rel1.win32_1.0.200.202406191623/tools/bin/../lib/gcc/arm-none-eabi/12.3.1/thumb/v7e-m+fp/hard/crtn.o
OUTPUT(UltraSonic_Sensor_TIM_IC.elf elf32-littlearm)
LOAD linker stubs
LOAD E:/ST/STM32CubeIDE_1.16.0/STM32CubeIDE/plugins/com.st.stm32cube.ide.mcu.externaltools.gnu-tools-for-stm32.12.3.rel1.win32_1.0.200.202406191623/tools/bin/../lib/gcc/arm-none-eabi/12.3.1/../../../../arm-none-eabi/lib/thumb/v7e-m+fp/hard\libc.a
LOAD E:/ST/STM32CubeIDE_1.16.0/STM32CubeIDE/plugins/com.st.stm32cube.ide.mcu.externaltools.gnu-tools-for-stm32.12.3.rel1.win32_1.0.200.202406191623/tools/bin/../lib/gcc/arm-none-eabi/12.3.1/../../../../arm-none-eabi/lib/thumb/v7e-m+fp/hard\libm.a
LOAD E:/ST/STM32CubeIDE_1.16.0/STM32CubeIDE/plugins/com.st.stm32cube.ide.mcu.externaltools.gnu-tools-for-stm32.12.3.rel1.win32_1.0.200.202406191623/tools/bin/../lib/gcc/arm-none-eabi/12.3.1/thumb/v7e-m+fp/hard\libgcc.a

.debug_info     0x00000000    0x1099d
 .debug_info    0x00000000      0x279 ./Core/Src/freertos.o
 .debug_info    0x00000279     0x1683 ./Core/Src/main.o
 .debug_info    0x000018fc      0xfa5 ./Core/Src/stm32f4xx_hal_msp.o
 .debug_info    0x000028a1      0x9b5 ./Core/Src/stm32f4xx_it.o
 .debug_info    0x00003256      0x168 ./Core/Src/sysmem.o
 .debug_info    0x000033be      0x54a ./Core/Src/system_stm32f4xx.o
 .debug_info    0x00003908       0x30 ./Core/Startup/startup_stm32f446retx.o
 .debug_info    0x00003938      0x99a ./Drivers/STM32F4xx_HAL_Driver/Src/stm32f4xx_hal.o
 .debug_info    0x000042d2      0xdaa ./Drivers/STM32F4xx_HAL_Driver/Src/stm32f4xx_hal_cortex.o
 .debug_info    0x0000507c      0x8e7 ./Drivers/STM32F4xx_HAL_Driver/Src/stm32f4xx_hal_dma.o
 .debug_info    0x00005963      0x70b ./Drivers/STM32F4xx_HAL_Driver/Src/stm32f4xx_hal_gpio.o
 .debug_info    0x0000606e      0x8ff ./Drivers/STM32F4xx_HAL_Driver/Src/stm32f4xx_hal_rcc.o
 .debug_info    0x0000696d      0x960 ./Drivers/STM32F4xx_HAL_Driver/Src/stm32f4xx_hal_rcc_ex.o
 .debug_info    0x000072cd     0x299d ./Drivers/STM32F4xx_HAL_Driver/Src/stm32f4xx_hal_tim.o
 .debug_info    0x00009c6a     0x14db ./Drivers/STM32F4xx_HAL_Driver/Src/stm32f4xx_hal_tim_ex.o
 .debug_info    0x0000b145     0x2f4f ./Drivers/STM32F4xx_HAL_Driver/Src/stm32f4xx_hal_uart.o
 .debug_info    0x0000e094      0x2af ./Middlewares/Third_Party/FreeRTOS/Source/list.o
 .debug_info    0x0000e343     0x1ca7 ./Middlewares/Third_Party/FreeRTOS/Source/tasks.o
 .debug_info    0x0000ffea      0x4de ./Middlewares/Third_Party/FreeRTOS/Source/portable/GCC/ARM_CM4F/port.o
 .debug_info    0x000104c8      0x4d5 ./Middlewares/Third_Party/FreeRTOS/Source/portable/MemMang/heap_4.o

.debug_abbrev   0x00000000     0x28a9
 .debug_abbrev  0x00000000       0xd2 ./Core/Src/freertos.o
 .debug_abbrev  0x000000d2      0x338 ./Core/Src/main.o
 .debug_abbrev  0x0000040a      0x1de ./Core/Src/stm32f4xx_hal_msp.o
 .debug_abbrev  0x000005e8      0x1c6 ./Core/Src/stm32f4xx_it.o
 .debug_abbrev  0x000007ae       0xbc ./Core/Src/sysmem.o
 .debug_abbrev  0x0000086a      0x11a ./Core/Src/system_stm32f4xx.o
 .debug_abbrev  0x00000984       0x24 ./Core/Startup/startup_stm32f446retx.o
 .debug_abbrev  0x000009a8      0x214 ./Drivers/STM32F4xx_HAL_Driver/Src/stm32f4xx_hal.o
 .debug_abbrev  0x00000bbc      0x31d ./Drivers/STM32F4xx_HAL_Driver/Src/stm32f4xx_hal_cortex.o
 .debug_abbrev  0x00000ed9      0x264 ./Drivers/STM32F4xx_HAL_Driver/Src/stm32f4xx_hal_dma.o
 .debug_abbrev  0x0000113d      0x1d4 ./Drivers/STM32F4xx_HAL_Driver/Src/stm32f4xx_hal_gpio.o
 .debug_abbrev  0x00001311      0x2b7 ./Drivers/STM32F4xx_HAL_Driver/Src/stm32f4xx_hal_rcc.o
 .debug_abbrev  0x000015c8      0x211 ./Drivers/STM32F4xx_HAL_Driver/Src/stm32f4xx_hal_rcc_ex.o
 .debug_abbrev  0x000017d9      0x278 ./Drivers/STM32F4xx_HAL_Driver/Src/stm32f4xx_hal_tim.o
 .debug_abbrev  0x00001a51      0x283 ./Drivers/STM32F4xx_HAL_Driver/Src/stm32f4xx_hal_tim_ex.o
 .debug_abbrev  0x00001cd4      0x30e ./Drivers/STM32F4xx_HAL_Driver/Src/stm32f4xx_hal_uart.o
 .debug_abbrev  0x00001fe2       0xf5 ./Middlewares/Third_Party/FreeRTOS/Source/list.o
 .debug_abbrev  0x000020d7      0x359 ./Middlewares/Third_Party/FreeRTOS/Source/tasks.o
 .debug_abbrev  0x00002430      0x25c ./Middlewares/Third_Party/FreeRTOS/Source/portable/GCC/ARM_CM4F/port.o
 .debug_abbrev  0x0000268c      0x21d ./Middlewares/Third_Party/FreeRTOS/Source/portable/MemMang/heap_4.o

.debug_aranges  0x00000000      0xfb8
 .debug_aranges
                0x00000000       0x20 ./Core/Src/freertos.o
 .debug_aranges
                0x00000020       0x68 ./Core/Src/main.o
 .debug_aranges
                0x00000088       0x40 ./Core/Src/stm32f4xx_hal_msp.o
 .debug_aranges
                0x000000c8       0x68 ./Core/Src/stm32f4xx_it.o
 .debug_aranges
                0x00000130       0x20 ./Core/Src/sysmem.o
 .debug_aranges
                0x00000150       0x28 ./Core/Src/system_stm32f4xx.o
 .debug_aranges
                0x00000178       0x28 ./Core/Startup/startup_stm32f446retx.o
 .debug_aranges
                0x000001a0       0xf0 ./Drivers/STM32F4xx_HAL_Driver/Src/stm32f4xx_hal.o
 .debug_aranges
                0x00000290      0x130 ./Drivers/STM32F4xx_HAL_Driver/Src/stm32f4xx_hal_cortex.o
 .debug_aranges
                0x000003c0       0x90 ./Drivers/STM32F4xx_HAL_Driver/Src/stm32f4xx_hal_dma.o
 .debug_aranges
                0x00000450       0x58 ./Drivers/STM32F4xx_HAL_Driver/Src/stm32f4xx_hal_gpio.o
 .debug_aranges
                0x000004a8       0x88 ./Drivers/STM32F4xx_HAL_Driver/Src/stm32f4xx_hal_rcc.o
 .debug_aranges
                0x00000530       0x78 ./Drivers/STM32F4xx_HAL_Driver/Src/stm32f4xx_hal_rcc_ex.o
 .debug_aranges
                0x000005a8      0x3d0 ./Drivers/STM32F4xx_HAL_Driver/Src/stm32f4xx_hal_tim.o
 .debug_aranges
                0x00000978      0x168 ./Drivers/STM32F4xx_HAL_Driver/Src/stm32f4xx_hal_tim_ex.o
 .debug_aranges
                0x00000ae0      0x208 ./Drivers/STM32F4xx_HAL_Driver/Src/stm32f4xx_hal_uart.o
 .debug_aranges
                0x00000ce8       0x40 ./Middlewares/Third_Party/FreeRTOS/Source/list.o
 .debug_aranges
                0x00000d28      0x1b8 ./Middlewares/Third_Party/FreeRTOS/Source/tasks.o
 .debug_aranges
                0x00000ee0       0x80 ./Middlewares/Third_Party/FreeRTOS/Source/portable/GCC/ARM_CM4F/port.o
 .debug_aranges
                0x00000f60       0x58 ./Middlewares/Third_Party/FreeRTOS/Source/portable/MemMang/heap_4.o

.debug_rnglists
                0x00000000      0xc43
 .debug_rnglists
                0x00000000       0x13 ./Core/Src/freertos.o
 .debug_rnglists
                0x00000013       0x4e ./Core/Src/main.o
 .debug_rnglists
                0x00000061       0x2d ./Core/Src/stm32f4xx_hal_msp.o
 .debug_rnglists
                0x0000008e       0x49 ./Core/Src/stm32f4xx_it.o
 .debug_rnglists
                0x000000d7       0x13 ./Core/Src/sysmem.o
 .debug_rnglists
                0x000000ea       0x1a ./Core/Src/system_stm32f4xx.o
 .debug_rnglists
                0x00000104       0x19 ./Core/Startup/startup_stm32f446retx.o
 .debug_rnglists
                0x0000011d       0xaf ./Drivers/STM32F4xx_HAL_Driver/Src/stm32f4xx_hal.o
 .debug_rnglists
                0x000001cc       0xe0 ./Drivers/STM32F4xx_HAL_Driver/Src/stm32f4xx_hal_cortex.o
 .debug_rnglists
                0x000002ac       0x70 ./Drivers/STM32F4xx_HAL_Driver/Src/stm32f4xx_hal_dma.o
 .debug_rnglists
                0x0000031c       0x3f ./Drivers/STM32F4xx_HAL_Driver/Src/stm32f4xx_hal_gpio.o
 .debug_rnglists
                0x0000035b       0x66 ./Drivers/STM32F4xx_HAL_Driver/Src/stm32f4xx_hal_rcc.o
 .debug_rnglists
                0x000003c1       0x5e ./Drivers/STM32F4xx_HAL_Driver/Src/stm32f4xx_hal_rcc_ex.o
 .debug_rnglists
                0x0000041f      0x31a ./Drivers/STM32F4xx_HAL_Driver/Src/stm32f4xx_hal_tim.o
 .debug_rnglists
                0x00000739      0x125 ./Drivers/STM32F4xx_HAL_Driver/Src/stm32f4xx_hal_tim_ex.o
 .debug_rnglists
                0x0000085e      0x1bc ./Drivers/STM32F4xx_HAL_Driver/Src/stm32f4xx_hal_uart.o
 .debug_rnglists
                0x00000a1a       0x2b ./Middlewares/Third_Party/FreeRTOS/Source/list.o
 .debug_rnglists
                0x00000a45      0x15f ./Middlewares/Third_Party/FreeRTOS/Source/tasks.o
 .debug_rnglists
                0x00000ba4       0x5d ./Middlewares/Third_Party/FreeRTOS/Source/portable/GCC/ARM_CM4F/port.o
 .debug_rnglists
                0x00000c01       0x42 ./Middlewares/Third_Party/FreeRTOS/Source/portable/MemMang/heap_4.o

.debug_macro    0x00000000    0x236a5
 .debug_macro   0x00000000      0x240 ./Core/Src/freertos.o
 .debug_macro   0x00000240      0xab4 ./Core/Src/freertos.o
 .debug_macro   0x00000cf4      0x189 ./Core/Src/freertos.o
 .debug_macro   0x00000e7d       0x22 ./Core/Src/freertos.o
 .debug_macro   0x00000e9f       0x8e ./Core/Src/freertos.o
 .debug_macro   0x00000f2d       0x51 ./Core/Src/freertos.o
 .debug_macro   0x00000f7e      0x103 ./Core/Src/freertos.o
 .debug_macro   0x00001081       0x6a ./Core/Src/freertos.o
 .debug_macro   0x000010eb      0x1df ./Core/Src/freertos.o
 .debug_macro   0x000012ca       0xe4 ./Core/Src/freertos.o
 .debug_macro   0x000013ae      0x15a ./Core/Src/freertos.o
 .debug_macro   0x00001508       0xde ./Core/Src/freertos.o
 .debug_macro   0x000015e6       0x1c ./Core/Src/freertos.o
 .debug_macro   0x00001602       0x26 ./Core/Src/freertos.o
 .debug_macro   0x00001628      0x504 ./Core/Src/freertos.o
 .debug_macro   0x00001b2c       0xb5 ./Core/Src/freertos.o
 .debug_macro   0x00001be1       0xaa ./Core/Src/freertos.o
 .debug_macro   0x00001c8b      0x29b ./Core/Src/freertos.o
 .debug_macro   0x00001f26       0x2e ./Core/Src/freertos.o
 .debug_macro   0x00001f54       0x28 ./Core/Src/freertos.o
 .debug_macro   0x00001f7c       0x1c ./Core/Src/freertos.o
 .debug_macro   0x00001f98       0x22 ./Core/Src/freertos.o
 .debug_macro   0x00001fba       0xfb ./Core/Src/freertos.o
 .debug_macro   0x000020b5     0x1011 ./Core/Src/freertos.o
 .debug_macro   0x000030c6      0x11f ./Core/Src/freertos.o
 .debug_macro   0x000031e5    0x1675e ./Core/Src/freertos.o
 .debug_macro   0x00019943       0x6d ./Core/Src/freertos.o
 .debug_macro   0x000199b0     0x3693 ./Core/Src/freertos.o
 .debug_macro   0x0001d043       0x5c ./Core/Src/freertos.o
 .debug_macro   0x0001d09f      0xca5 ./Core/Src/freertos.o
 .debug_macro   0x0001dd44      0x9e9 ./Core/Src/freertos.o
 .debug_macro   0x0001e72d      0x115 ./Core/Src/freertos.o
 .debug_macro   0x0001e842      0x1a0 ./Core/Src/freertos.o
 .debug_macro   0x0001e9e2       0xa5 ./Core/Src/freertos.o
 .debug_macro   0x0001ea87      0x16d ./Core/Src/freertos.o
 .debug_macro   0x0001ebf4      0x287 ./Core/Src/freertos.o
 .debug_macro   0x0001ee7b       0x5f ./Core/Src/freertos.o
 .debug_macro   0x0001eeda      0x236 ./Core/Src/freertos.o
 .debug_macro   0x0001f110      0x132 ./Core/Src/freertos.o
 .debug_macro   0x0001f242      0x29c ./Core/Src/freertos.o
 .debug_macro   0x0001f4de       0x2e ./Core/Src/freertos.o
 .debug_macro   0x0001f50c      0x127 ./Core/Src/freertos.o
 .debug_macro   0x0001f633       0xe8 ./Core/Src/freertos.o
 .debug_macro   0x0001f71b       0x89 ./Core/Src/freertos.o
 .debug_macro   0x0001f7a4      0x8ed ./Core/Src/freertos.o
 .debug_macro   0x00020091       0x53 ./Core/Src/freertos.o
 .debug_macro   0x000200e4      0x2aa ./Core/Src/freertos.o
 .debug_macro   0x0002038e      0x126 ./Core/Src/freertos.o
 .debug_macro   0x000204b4      0x393 ./Core/Src/main.o
 .debug_macro   0x00020847       0xe4 ./Core/Src/main.o
 .debug_macro   0x0002092b       0x91 ./Core/Src/main.o
 .debug_macro   0x000209bc       0x8d ./Core/Src/main.o
 .debug_macro   0x00020a49       0x7e ./Core/Src/main.o
 .debug_macro   0x00020ac7       0x19 ./Core/Src/main.o
 .debug_macro   0x00020ae0       0xf2 ./Core/Src/main.o
 .debug_macro   0x00020bd2       0x61 ./Core/Src/main.o
 .debug_macro   0x00020c33       0x2a ./Core/Src/main.o
 .debug_macro   0x00020c5d       0x43 ./Core/Src/main.o
 .debug_macro   0x00020ca0       0x34 ./Core/Src/main.o
 .debug_macro   0x00020cd4       0x16 ./Core/Src/main.o
 .debug_macro   0x00020cea       0x35 ./Core/Src/main.o
 .debug_macro   0x00020d1f      0x369 ./Core/Src/main.o
 .debug_macro   0x00021088       0x10 ./Core/Src/main.o
 .debug_macro   0x00021098       0x16 ./Core/Src/main.o
 .debug_macro   0x000210ae       0x43 ./Core/Src/main.o
 .debug_macro   0x000210f1       0x34 ./Core/Src/main.o
 .debug_macro   0x00021125       0x10 ./Core/Src/main.o
 .debug_macro   0x00021135       0x58 ./Core/Src/main.o
 .debug_macro   0x0002118d       0x8e ./Core/Src/main.o
 .debug_macro   0x0002121b       0x1c ./Core/Src/main.o
 .debug_macro   0x00021237      0x177 ./Core/Src/main.o
 .debug_macro   0x000213ae       0x16 ./Core/Src/main.o
 .debug_macro   0x000213c4       0x16 ./Core/Src/main.o
 .debug_macro   0x000213da      0x146 ./Core/Src/main.o
 .debug_macro   0x00021520       0x16 ./Core/Src/main.o
 .debug_macro   0x00021536       0x20 ./Core/Src/main.o
 .debug_macro   0x00021556      0x1d8 ./Core/Src/stm32f4xx_hal_msp.o
 .debug_macro   0x0002172e      0x24a ./Core/Src/stm32f4xx_it.o
 .debug_macro   0x00021978       0xff ./Core/Src/sysmem.o
 .debug_macro   0x00021a77      0x23c ./Core/Src/sysmem.o
 .debug_macro   0x00021cb3      0x1ce ./Core/Src/system_stm32f4xx.o
 .debug_macro   0x00021e81      0x22e ./Drivers/STM32F4xx_HAL_Driver/Src/stm32f4xx_hal.o
 .debug_macro   0x000220af      0x1ce ./Drivers/STM32F4xx_HAL_Driver/Src/stm32f4xx_hal_cortex.o
 .debug_macro   0x0002227d      0x1d4 ./Drivers/STM32F4xx_HAL_Driver/Src/stm32f4xx_hal_dma.o
 .debug_macro   0x00022451      0x1d4 ./Drivers/STM32F4xx_HAL_Driver/Src/stm32f4xx_hal_gpio.o
 .debug_macro   0x00022625      0x1f2 ./Drivers/STM32F4xx_HAL_Driver/Src/stm32f4xx_hal_rcc.o
 .debug_macro   0x00022817      0x1ce ./Drivers/STM32F4xx_HAL_Driver/Src/stm32f4xx_hal_rcc_ex.o
 .debug_macro   0x000229e5      0x1cf ./Drivers/STM32F4xx_HAL_Driver/Src/stm32f4xx_hal_tim.o
 .debug_macro   0x00022bb4      0x1ce ./Drivers/STM32F4xx_HAL_Driver/Src/stm32f4xx_hal_tim_ex.o
 .debug_macro   0x00022d82      0x1cf ./Drivers/STM32F4xx_HAL_Driver/Src/stm32f4xx_hal_uart.o
 .debug_macro   0x00022f51      0x187 ./Middlewares/Third_Party/FreeRTOS/Source/list.o
 .debug_macro   0x000230d8      0x279 ./Middlewares/Third_Party/FreeRTOS/Source/tasks.o
 .debug_macro   0x00023351       0x10 ./Middlewares/Third_Party/FreeRTOS/Source/tasks.o
 .debug_macro   0x00023361      0x196 ./Middlewares/Third_Party/FreeRTOS/Source/portable/GCC/ARM_CM4F/port.o
 .debug_macro   0x000234f7      0x1ae ./Middlewares/Third_Party/FreeRTOS/Source/portable/MemMang/heap_4.o

.debug_line     0x00000000    0x13764
 .debug_line    0x00000000      0x84d ./Core/Src/freertos.o
 .debug_line    0x0000084d      0xcc1 ./Core/Src/main.o
 .debug_line    0x0000150e      0x7f0 ./Core/Src/stm32f4xx_hal_msp.o
 .debug_line    0x00001cfe      0x93f ./Core/Src/stm32f4xx_it.o
 .debug_line    0x0000263d      0x583 ./Core/Src/sysmem.o
 .debug_line    0x00002bc0      0x7c4 ./Core/Src/system_stm32f4xx.o
 .debug_line    0x00003384       0x7a ./Core/Startup/startup_stm32f446retx.o
 .debug_line    0x000033fe      0xa3c ./Drivers/STM32F4xx_HAL_Driver/Src/stm32f4xx_hal.o
 .debug_line    0x00003e3a      0xd2e ./Drivers/STM32F4xx_HAL_Driver/Src/stm32f4xx_hal_cortex.o
 .debug_line    0x00004b68      0xfac ./Drivers/STM32F4xx_HAL_Driver/Src/stm32f4xx_hal_dma.o
 .debug_line    0x00005b14      0xbb4 ./Drivers/STM32F4xx_HAL_Driver/Src/stm32f4xx_hal_gpio.o
 .debug_line    0x000066c8      0xdd3 ./Drivers/STM32F4xx_HAL_Driver/Src/stm32f4xx_hal_rcc.o
 .debug_line    0x0000749b     0x1443 ./Drivers/STM32F4xx_HAL_Driver/Src/stm32f4xx_hal_rcc_ex.o
 .debug_line    0x000088de     0x37d8 ./Drivers/STM32F4xx_HAL_Driver/Src/stm32f4xx_hal_tim.o
 .debug_line    0x0000c0b6     0x1a32 ./Drivers/STM32F4xx_HAL_Driver/Src/stm32f4xx_hal_tim_ex.o
 .debug_line    0x0000dae8     0x293f ./Drivers/STM32F4xx_HAL_Driver/Src/stm32f4xx_hal_uart.o
 .debug_line    0x00010427      0x796 ./Middlewares/Third_Party/FreeRTOS/Source/list.o
 .debug_line    0x00010bbd     0x19ad ./Middlewares/Third_Party/FreeRTOS/Source/tasks.o
 .debug_line    0x0001256a      0x839 ./Middlewares/Third_Party/FreeRTOS/Source/portable/GCC/ARM_CM4F/port.o
 .debug_line    0x00012da3      0x9c1 ./Middlewares/Third_Party/FreeRTOS/Source/portable/MemMang/heap_4.o

.debug_str      0x00000000    0xd8fb9
 .debug_str     0x00000000    0xcd267 ./Core/Src/freertos.o
                              0xcd521 (size before relaxing)
 .debug_str     0x000cd267     0x6be3 ./Core/Src/main.o
                              0xd410b (size before relaxing)
 .debug_str     0x000d3e4a       0xaa ./Core/Src/stm32f4xx_hal_msp.o
                              0xca4ed (size before relaxing)
 .debug_str     0x000d3ef4      0x150 ./Core/Src/stm32f4xx_it.o
                              0xcdc5e (size before relaxing)
 .debug_str     0x000d4044      0x35c ./Core/Src/sysmem.o
                               0x60b9 (size before relaxing)
 .debug_str     0x000d43a0       0xdb ./Core/Src/system_stm32f4xx.o
                              0xc9804 (size before relaxing)
 .debug_str     0x000d447b       0x44 ./Core/Startup/startup_stm32f446retx.o
                                 0x6c (size before relaxing)
 .debug_str     0x000d44bf      0x60d ./Drivers/STM32F4xx_HAL_Driver/Src/stm32f4xx_hal.o
                              0xca3c9 (size before relaxing)
 .debug_str     0x000d4acc      0x36b ./Drivers/STM32F4xx_HAL_Driver/Src/stm32f4xx_hal_cortex.o
                              0xca120 (size before relaxing)
 .debug_str     0x000d4e37      0x323 ./Drivers/STM32F4xx_HAL_Driver/Src/stm32f4xx_hal_dma.o
                              0xc9bf9 (size before relaxing)
 .debug_str     0x000d515a       0xe8 ./Drivers/STM32F4xx_HAL_Driver/Src/stm32f4xx_hal_gpio.o
                              0xc997f (size before relaxing)
 .debug_str     0x000d5242      0x233 ./Drivers/STM32F4xx_HAL_Driver/Src/stm32f4xx_hal_rcc.o
                              0xc9c3d (size before relaxing)
 .debug_str     0x000d5475      0x324 ./Drivers/STM32F4xx_HAL_Driver/Src/stm32f4xx_hal_rcc_ex.o
                              0xc9c70 (size before relaxing)
 .debug_str     0x000d5799      0xdd9 ./Drivers/STM32F4xx_HAL_Driver/Src/stm32f4xx_hal_tim.o
                              0xcab69 (size before relaxing)
 .debug_str     0x000d6572      0x493 ./Drivers/STM32F4xx_HAL_Driver/Src/stm32f4xx_hal_tim_ex.o
                              0xca375 (size before relaxing)
 .debug_str     0x000d6a05      0x5f1 ./Drivers/STM32F4xx_HAL_Driver/Src/stm32f4xx_hal_uart.o
                              0xca1f4 (size before relaxing)
 .debug_str     0x000d6ff6      0x21e ./Middlewares/Third_Party/FreeRTOS/Source/list.o
                               0xaac7 (size before relaxing)
 .debug_str     0x000d7214     0x12f5 ./Middlewares/Third_Party/FreeRTOS/Source/tasks.o
                               0xce32 (size before relaxing)
 .debug_str     0x000d8509      0x783 ./Middlewares/Third_Party/FreeRTOS/Source/portable/GCC/ARM_CM4F/port.o
                               0x8710 (size before relaxing)
 .debug_str     0x000d8c8c      0x32d ./Middlewares/Third_Party/FreeRTOS/Source/portable/MemMang/heap_4.o
                               0xb409 (size before relaxing)

.comment        0x00000000       0x43
 .comment       0x00000000       0x43 ./Core/Src/freertos.o
                                 0x44 (size before relaxing)
 .comment       0x00000043       0x44 ./Core/Src/main.o
 .comment       0x00000043       0x44 ./Core/Src/stm32f4xx_hal_msp.o
 .comment       0x00000043       0x44 ./Core/Src/stm32f4xx_it.o
 .comment       0x00000043       0x44 ./Core/Src/sysmem.o
 .comment       0x00000043       0x44 ./Core/Src/system_stm32f4xx.o
 .comment       0x00000043       0x44 ./Drivers/STM32F4xx_HAL_Driver/Src/stm32f4xx_hal.o
 .comment       0x00000043       0x44 ./Drivers/STM32F4xx_HAL_Driver/Src/stm32f4xx_hal_cortex.o
 .comment       0x00000043       0x44 ./Drivers/STM32F4xx_HAL_Driver/Src/stm32f4xx_hal_dma.o
 .comment       0x00000043       0x44 ./Drivers/STM32F4xx_HAL_Driver/Src/stm32f4xx_hal_gpio.o
 .comment       0x00000043       0x44 ./Drivers/STM32F4xx_HAL_Driver/Src/stm32f4xx_hal_rcc.o
 .comment       0x00000043       0x44 ./Drivers/STM32F4xx_HAL_Driver/Src/stm32f4xx_hal_rcc_ex.o
 .comment       0x00000043       0x44 ./Drivers/STM32F4xx_HAL_Driver/Src/stm32f4xx_hal_tim.o
 .comment       0x00000043       0x44 ./Drivers/STM32F4xx_HAL_Driver/Src/stm32f4xx_hal_tim_ex.o
 .comment       0x00000043       0x44 ./Drivers/STM32F4xx_HAL_Driver/Src/stm32f4xx_hal_uart.o
 .comment       0x00000043       0x44 ./Middlewares/Third_Party/FreeRTOS/Source/list.o
 .comment       0x00000043       0x44 ./Middlewares/Third_Party/FreeRTOS/Source/tasks.o
 .comment       0x00000043       0x44 ./Middlewares/Third_Party/FreeRTOS/Source/portable/GCC/ARM_CM4F/port.o
 .comment       0x00000043       0x44 ./Middlewares/Third_Party/FreeRTOS/Source/portable/MemMang/heap_4.o

.debug_frame    0x00000000     0x4774
 .debug_frame   0x00000000       0x38 ./Core/Src/freertos.o
 .debug_frame   0x00000038      0x158 ./Core/Src/main.o
 .debug_frame   0x00000190       0xc4 ./Core/Src/stm32f4xx_hal_msp.o
 .debug_frame   0x00000254      0x118 ./Core/Src/stm32f4xx_it.o
 .debug_frame   0x0000036c       0x34 ./Core/Src/sysmem.o
 .debug_frame   0x000003a0       0x58 ./Core/Src/system_stm32f4xx.o
 .debug_frame   0x000003f8      0x374 ./Drivers/STM32F4xx_HAL_Driver/Src/stm32f4xx_hal.o
 .debug_frame   0x0000076c      0x508 ./Drivers/STM32F4xx_HAL_Driver/Src/stm32f4xx_hal_cortex.o
 .debug_frame   0x00000c74      0x250 ./Drivers/STM32F4xx_HAL_Driver/Src/stm32f4xx_hal_dma.o
 .debug_frame   0x00000ec4      0x14c ./Drivers/STM32F4xx_HAL_Driver/Src/stm32f4xx_hal_gpio.o
 .debug_frame   0x00001010      0x1f4 ./Drivers/STM32F4xx_HAL_Driver/Src/stm32f4xx_hal_rcc.o
 .debug_frame   0x00001204      0x1e8 ./Drivers/STM32F4xx_HAL_Driver/Src/stm32f4xx_hal_rcc_ex.o
 .debug_frame   0x000013ec     0x11c0 ./Drivers/STM32F4xx_HAL_Driver/Src/stm32f4xx_hal_tim.o
 .debug_frame   0x000025ac      0x638 ./Drivers/STM32F4xx_HAL_Driver/Src/stm32f4xx_hal_tim_ex.o
 .debug_frame   0x00002be4      0x954 ./Drivers/STM32F4xx_HAL_Driver/Src/stm32f4xx_hal_uart.o
 .debug_frame   0x00003538       0xd8 ./Middlewares/Third_Party/FreeRTOS/Source/list.o
 .debug_frame   0x00003610      0x77c ./Middlewares/Third_Party/FreeRTOS/Source/tasks.o
 .debug_frame   0x00003d8c      0x1a8 ./Middlewares/Third_Party/FreeRTOS/Source/portable/GCC/ARM_CM4F/port.o
 .debug_frame   0x00003f34      0x12c ./Middlewares/Third_Party/FreeRTOS/Source/portable/MemMang/heap_4.o
 .debug_frame   0x00004060      0x144 E:/ST/STM32CubeIDE_1.16.0/STM32CubeIDE/plugins/com.st.stm32cube.ide.mcu.externaltools.gnu-tools-for-stm32.12.3.rel1.win32_1.0.200.202406191623/tools/bin/../lib/gcc/arm-none-eabi/12.3.1/../../../../arm-none-eabi/lib/thumb/v7e-m+fp/hard\libc_nano.a(libc_a-findfp.o)