../Core/Src/main.c:64:6:Task01_Entry	16	static
../Core/Src/main.c:79:6:Task02_Entry	16	static
../Core/Src/main.c:87:6:Task03_Entry	16	static
../Core/Src/main.c:102:6:WatchDogTask_Entry	32	static
../Core/Src/main.c:142:5:main	32	static
../Core/Src/main.c:216:6:SystemClock_Config	88	static
../Core/Src/main.c:264:13:MX_USART2_UART_Init	8	static
../Core/Src/main.c:297:13:MX_GPIO_Init	40	static
../Core/Src/main.c:345:6:HAL_TIM_PeriodElapsedCallback	16	static
../Core/Src/main.c:362:6:Error_Handler	4	static,ignoring_inline_asm
