../Core/Src/main.c:77:6:Task01_Entry	16	static
../Core/Src/main.c:118:6:WatchDogTask_Entry	32	static
../Core/Src/main.c:157:5:main	24	static
../Core/Src/main.c:231:6:SystemClock_Config	88	static
../Core/Src/main.c:279:13:MX_USART2_UART_Init	8	static
../Core/Src/main.c:312:13:MX_GPIO_Init	40	static
../Core/Src/main.c:347:6:HAL_GPIO_EXTI_Callback	24	static,ignoring_inline_asm
../Core/Src/main.c:370:6:HAL_TIM_PeriodElapsedCallback	16	static
../Core/Src/main.c:387:6:Error_Handler	4	static,ignoring_inline_asm
