../Core/Src/main.c:63:6:Task01_Entry	16	static
../Core/Src/main.c:71:6:Task02_Entry	16	static
../Core/Src/main.c:79:6:Task03_Entry	16	static
../Core/Src/main.c:107:5:main	32	static
../Core/Src/main.c:177:6:SystemClock_Config	88	static
../Core/Src/main.c:225:13:MX_USART2_UART_Init	8	static
../Core/Src/main.c:258:13:MX_GPIO_Init	40	static
../Core/Src/main.c:293:6:HAL_GPIO_EXTI_Callback	24	static,ignoring_inline_asm
../Core/Src/main.c:315:6:HAL_TIM_PeriodElapsedCallback	16	static
../Core/Src/main.c:332:6:Error_Handler	4	static,ignoring_inline_asm
