../Core/Src/main.c:52:6:Task01_Entry	24	static
../Core/Src/main.c:86:5:main	56	static
../Core/Src/main.c:177:6:SystemClock_Config	88	static
../Core/Src/main.c:225:13:MX_USART2_UART_Init	8	static
../Core/Src/main.c:258:13:MX_GPIO_Init	40	static
../Core/Src/main.c:289:6:HAL_GPIO_EXTI_Callback	24	static,ignoring_inline_asm
../Core/Src/main.c:311:6:StartDefaultTask	16	static
../Core/Src/main.c:330:6:HAL_TIM_PeriodElapsedCallback	16	static
../Core/Src/main.c:347:6:Error_Handler	4	static,ignoring_inline_asm
